    -----------------------------------------------------------------------
          PSI4: An Open-Source Ab Initio Electronic Structure Package
                              PSI 4.0.0-alpha Driver
    T. D. Crawford, C. D. Sherrill, E. F. Valeev, J. T. Fermann, R. A. King,
    M. L. Leininger, S. T. Brown, C. L. Janssen, E. T. Seidl, J. P. Kenny,
    and W. D. Allen, J. Comput. Chem. 28, 1610-1616 (2007)

                         Additional Contributions by
    Francesco Evangelista, Andrew Simmonett, Justin Turney, Jeremiah Wilke
    -----------------------------------------------------------------------


    Using LocalCommunicator (Number of processes = 1)

    Memory level set to 256.000 MB

  ==> Input File <==

--------------------------------------------------------------------------
molecule {
0 2
Al
symmetry c1
}

plugin_load("../../plugin_omega.so")

set globals {
  scf_type direct
  basis cc-pvdz
  ri_basis_scf cc-pvdz-ri
  reference uks
  dft_functional wB97
  dft_order_spherical 31 
  dft_n_radial 50
  omega_procedure ip
  d_converge 5
  e_converge 7
  #debug 3
}


energy('scf')
plugin("../../plugin_omega.so")
--------------------------------------------------------------------------
../../plugin_omega.so loaded.

*** tstart() called on ender
*** at Tue Aug  9 12:37:24 2011


         ---------------------------------------------------------
                                   SCF
            by Justin Turney, Rob Parrish, and Andy Simmonnett
                              UKS Reference
                        4 Threads,    256 MiB Core
         ---------------------------------------------------------

  ==> Geometry <==

    Molecular point group: c1

    Geometry (in Angstrom), charge = 0, multiplicity = 2:

       Center              X                  Y                   Z       
    ------------   -----------------  -----------------  -----------------
          AL          0.000000000000     0.000000000000     0.000000000000

    Number of unique atoms: 1

    Atoms equivalency:
       unique atom 0: 0 

  Running in c1 symmetry.

  Nuclear repulsion =    0.000000000000000

  Charge       = 0
  Multiplicity = 2
  Electrons    = 13
  Nalpha       = 7
  Nbeta        = 6

  ==> Algorithm <==

  SCF Algorithm Type is DIRECT.
  DIIS enabled.
  MOM disabled.
  Guess Type is CORE.
  Energy threshold   = 1.00e-07
  Density threshold  = 1.00e-05
  Integral threshold = 0.00e+00

  ==> Primary Basis: CC-PVDZ <==

  Basis Set
    Number of shells: 8
    Number of basis function: 18
    Number of Cartesian functions: 19
    Spherical Harmonics?: true
    Max angular momentum: 2

  Selected Functional is wB97.

  ==> Pre-Iterations <==

  Minimum eigenvalue in the overlap matrix is 1.2516547142E-01.
  Using Symmetric Orthogonalization.
  SCF Guess: Core (One-Electron) Hamiltonian.

  Initial UKS energy:  -170.87392682562347

   -------------------------------------------------------
    Irrep   Nso     Nmo     Nalpha   Nbeta   Ndocc  Nsocc
   -------------------------------------------------------
     A         18      18       7       6       6       1
   -------------------------------------------------------
    Total      18      18       7       6       6       1
   -------------------------------------------------------

  ==> Integral Setup <==

  Building Direct Integral Objects...

  ==> Iterations <==

                        Total Energy        Delta E     Density RMS

   @UKS iter   1:  -241.58671776288335   -7.07128e+01   0.00000e+00  
   @UKS iter   2:  -242.31984872686823   -7.33131e-01   1.29735e-01 DIIS
   @UKS iter   3:  -242.33973188836600   -1.98832e-02   1.59919e-02 DIIS
   @UKS iter   4:  -242.34095551656617   -1.22363e-03   4.27800e-03 DIIS
   @UKS iter   5:  -242.34096768706627   -1.21705e-05   1.94608e-04 DIIS
   @UKS iter   6:  -242.34096893332415   -1.24626e-06   9.42700e-05 DIIS
   @UKS iter   7:  -242.34096894684563   -1.35215e-08   1.56020e-05 DIIS

  ==> Post-Iterations <==

	Orbital Energies (a.u.)
	-----------------------

	Alpha Occupied:                                                       

	   1A    -55.686339     2A     -4.188646     3A     -2.776808  
	   4A     -2.776808     5A     -2.768607     6A     -0.424904  
	   7A     -0.216179  

	Alpha Virtual:                                                        

	   8A      0.008091     9A      0.008091    10A      0.255400  
	  11A      0.312194    12A      0.325210    13A      0.325210  
	  14A      0.360232    15A      0.364413    16A      0.364413  
	  17A      0.376605    18A      0.376605  

	Beta Occupied:                                                        

	   1A    -55.684873     2A     -4.187828     3A     -2.776075  
	   4A     -2.776075     5A     -2.766049     6A     -0.381319  

	Beta Virtual:                                                         

	   7A      0.012612     8A      0.012612     9A      0.023224  
	  10A      0.246244    11A      0.334204    12A      0.334204  
	  13A      0.355660    14A      0.382020    15A      0.382020  
	  16A      0.397306    17A      0.397306    18A      0.404685  

	Final Occupation by Irrep:
	          A 
	DOCC [     6 ]
	SOCC [     1 ]

  Energy converged.

  @UKS Final Energy:  -242.34096894684563

  ==> Properties <==

 OEPROP: One-electron properties/analyses.
  by Rob Parrish and Justin Turney.
  built on LIBMINTS.

 Dipole Moment: (a.u.)
     X:    -0.0000      Y:     0.0000      Z:    -0.0000     Total:     0.0000

 Dipole Moment: (Debye)
     X:    -0.0000      Y:     0.0000      Z:    -0.0000     Total:     0.0000


  @Spin Contamination Metric:  0.00541
  @S^2 Expected:               0.75000
  @S^2 Observed:               0.75541

  Saving occupied orbitals to File 100.

*** tstop() called on ender at Tue Aug  9 12:37:33 2011
	user time   =       8.93 seconds =       0.15 minutes
	system time =       0.06 seconds =       0.00 minutes
	total time  =          9 seconds =       0.15 minutes
Calling plugin ../../plugin_omega.so.

*** tstart() called on ender
*** at Tue Aug  9 12:37:33 2011


         ---------------------------------------------------------
                          Optimized-Omega RC-KS
                            IP-Only Algorithm                
                               Rob Parrish
                        4 Threads,    256 MiB Core
         ---------------------------------------------------------

 ==> Functional <==

  wB97

 ==> Geometry <==

    Molecular point group: c1

    Geometry (in Angstrom), charge = 0, multiplicity = 2:

       Center              X                  Y                   Z       
    ------------   -----------------  -----------------  -----------------
          AL          0.000000000000     0.000000000000     0.000000000000

    Number of unique atoms: 1

    Atoms equivalency:
       unique atom 0: 0 

  Nuclear repulsion =    0.000000000000000

  Nalpha = 7
  Nbeta  = 6

  ==> Primary Basis <==

  Basis Set
    Number of shells: 8
    Number of basis function: 18
    Number of Cartesian functions: 19
    Spherical Harmonics?: true
    Max angular momentum: 2

  ==> Primary Basis <==

  Basis Set
    Number of shells: 24
    Number of basis function: 76
    Number of Cartesian functions: 90
    Spherical Harmonics?: true
    Max angular momentum: 3

  ==> Omega Guess: HOMO Size <== 

   HOMO <R>:          3.53558E+00
   Initial Omega^-1:  3.53558E+00
   Initial Omega:     2.82839E-01

  Canonical Orthogonalization: 18 of 18 functions retained, 0 projected

  ==> Burn-In Procedure <==

  *** Step    1: Burn-In Step ***

   => N SCF <=

   Iter               Energy      Delta E      Delta D Stat
      1  -242.36220862913027 -2.42362E+02  1.10941E-03 
      2  -242.36227668430121 -6.80552E-05  3.04932E-04 DIIS
      3  -242.36228130455086 -4.62025E-06  6.17533E-05 DIIS
      4  -242.36228154579155 -2.41241E-07  7.51580E-06 DIIS
      5  -242.36228159725761 -5.14661E-08  1.24201E-05 DIIS
      6  -242.36228170714438 -1.09887E-07  3.44801E-05 DIIS
      7  -242.36228187130237 -1.64158E-07  4.47876E-05 DIIS
      8  -242.36228203834196 -1.67040E-07  1.73305E-04 DIIS
      9  -242.36228226563836 -2.27296E-07  3.91363E-04 DIIS
     10  -242.36228226892254 -3.28419E-09  3.10458E-03 DIIS
     11  -242.36228211143214  1.57490E-07  1.60658E-03 DIIS
     12  -242.36228212474145 -1.33093E-08  1.85235E-04 DIIS
     13  -242.36228203153195  9.32095E-08  1.18446E-03 DIIS
     14  -242.36228231686607 -2.85334E-07  5.99291E-04 DIIS
     15  -242.36228229240695  2.44591E-08  1.33035E-03 DIIS
     16  -242.36228231262717 -2.02202E-08  2.84133E-04 DIIS
     17  -242.36228203909394  2.73533E-07  5.54262E-04 DIIS
     18  -242.36228210507824 -6.59843E-08  5.67672E-04 DIIS
     19  -242.36228132849976  7.76578E-07  1.32359E-03 DIIS
     20  -242.36228182208762 -4.93588E-07  2.14501E-03 DIIS
     21  -242.36228204060572 -2.18518E-07  1.72927E-03 DIIS
     22  -242.36228199749718  4.31085E-08  1.37648E-03 DIIS
     23  -242.36228209881787 -1.01321E-07  1.06137E-03 DIIS
     24  -242.36228201989229  7.89256E-08  6.71971E-04 DIIS
     25  -242.36228211828933 -9.83970E-08  1.61389E-04 DIIS
     26  -242.36228204211397  7.61754E-08  5.69896E-04 DIIS
     27  -242.36228210315602 -6.10420E-08  2.09871E-03 DIIS
     28  -242.36228198273415  1.20422E-07  4.73059E-03 DIIS
     29  -242.36228123334661  7.49388E-07  5.96712E-03 DIIS
     30  -242.36228133446926 -1.01123E-07  4.90901E-03 DIIS
     31  -242.36228179236491 -4.57896E-07  4.69623E-03 DIIS
     32  -242.36228176701934  2.53456E-08  5.75179E-03 DIIS
     33  -242.36228157579117  1.91228E-07  6.46278E-03 DIIS
     34  -242.36228146156742  1.14224E-07  7.24436E-03 DIIS
     35  -242.36228124240137  2.19166E-07  7.31485E-03 DIIS
     36  -242.36228134236148 -9.99601E-08  7.21621E-03 DIIS
     37  -242.36228133622072  6.14077E-09  7.26916E-03 DIIS
     38  -242.36228133023303  5.98769E-09  7.24661E-03 DIIS
     39  -242.36228133631170 -6.07866E-09  7.24666E-03 DIIS
     40  -242.36228133602918  2.82512E-10  7.24778E-03 DIIS
     41  -242.36228133482584  1.20335E-09  7.24766E-03 DIIS
     42  -242.36228133578246 -9.56618E-10  7.24703E-03 DIIS
     43  -242.36228133533544  4.47017E-10  7.24757E-03 DIIS
     44  -242.36228133553556 -2.00117E-10  7.24730E-03 DIIS
     45  -242.36228133539157  1.43984E-10  7.24739E-03 DIIS
     46  -242.36228133554204 -1.50465E-10  7.24736E-03 DIIS
     47  -242.36228133538438  1.57655E-10  7.24738E-03 DIIS
     48  -242.36228133554130 -1.56916E-10  7.24737E-03 DIIS
     49  -242.36228133538799  1.53307E-10  7.24737E-03 DIIS
     50  -242.36228133553854 -1.50550E-10  7.24737E-03 DIIS
     51  -242.36228133538881  1.49726E-10  7.24737E-03 DIIS
     52  -242.36228133553848 -1.49669E-10  7.24737E-03 DIIS
     53  -242.36228133538896  1.49527E-10  7.24737E-03 DIIS
     54  -242.36228133553843 -1.49470E-10  7.24737E-03 DIIS
     55  -242.36228133538933  1.49100E-10  7.24737E-03 DIIS
     56  -242.36228133553809 -1.48759E-10  7.24737E-03 DIIS
     57  -242.36228133538910  1.48987E-10  7.24737E-03 DIIS
     58  -242.36228133553814 -1.49043E-10  7.24737E-03 DIIS
     59  -242.36228133538918  1.48958E-10  7.24737E-03 DIIS
     60  -242.36228133553800 -1.48816E-10  7.24737E-03 DIIS
     61  -242.36228133538910  1.48901E-10  7.24737E-03 DIIS
     62  -242.36228133553797 -1.48873E-10  7.24737E-03 DIIS
     63  -242.36228133538893  1.49043E-10  7.24737E-03 DIIS
     64  -242.36228133553806 -1.49129E-10  7.24737E-03 DIIS
     65  -242.36228133538916  1.48901E-10  7.24737E-03 DIIS
     66  -242.36228133553820 -1.49043E-10  7.24737E-03 DIIS
     67  -242.36228133538890  1.49299E-10  7.24737E-03 DIIS
     68  -242.36228133553803 -1.49129E-10  7.24737E-03 DIIS
     69  -242.36228133538910  1.48930E-10  7.24737E-03 DIIS
     70  -242.36228133553828 -1.49186E-10  7.24737E-03 DIIS
     71  -242.36228133538907  1.49214E-10  7.24737E-03 DIIS
     72  -242.36228133553817 -1.49100E-10  7.24737E-03 DIIS
     73  -242.36228133538924  1.48930E-10  7.24737E-03 DIIS
     74  -242.36228133553811 -1.48873E-10  7.24737E-03 DIIS
     75  -242.36228133538910  1.49015E-10  7.24737E-03 DIIS
     76  -242.36228133553797 -1.48873E-10  7.24737E-03 DIIS
     77  -242.36228133538913  1.48844E-10  7.24737E-03 DIIS
     78  -242.36228133553797 -1.48844E-10  7.24737E-03 DIIS
     79  -242.36228133538907  1.48901E-10  7.24737E-03 DIIS
     80  -242.36228133553823 -1.49157E-10  7.24737E-03 DIIS
     81  -242.36228133538916  1.49072E-10  7.24737E-03 DIIS
     82  -242.36228133553809 -1.48930E-10  7.24737E-03 DIIS
     83  -242.36228133538918  1.48901E-10  7.24737E-03 DIIS
     84  -242.36228133553834 -1.49157E-10  7.24737E-03 DIIS
     85  -242.36228133538924  1.49100E-10  7.24737E-03 DIIS
     86  -242.36228133553811 -1.48873E-10  7.24737E-03 DIIS
     87  -242.36228133538924  1.48873E-10  7.24737E-03 DIIS
     88  -242.36228133553811 -1.48873E-10  7.24737E-03 DIIS
     89  -242.36228133538935  1.48759E-10  7.24737E-03 DIIS
     90  -242.36228133553831 -1.48958E-10  7.24737E-03 DIIS
     91  -242.36228133538921  1.49100E-10  7.24737E-03 DIIS
     92  -242.36228133553826 -1.49043E-10  7.24737E-03 DIIS
     93  -242.36228133538904  1.49214E-10  7.24737E-03 DIIS
     94  -242.36228133553797 -1.48930E-10  7.24737E-03 DIIS
     95  -242.36228133538910  1.48873E-10  7.24737E-03 DIIS
     96  -242.36228133553823 -1.49129E-10  7.24737E-03 DIIS
     97  -242.36228133538907  1.49157E-10  7.24737E-03 DIIS
     98  -242.36228133553803 -1.48958E-10  7.24737E-03 DIIS
     99  -242.36228133538918  1.48844E-10  7.24737E-03 DIIS
    100  -242.36228133553806 -1.48873E-10  7.24737E-03 DIIS
