    -----------------------------------------------------------------------
          PSI4: An Open-Source Ab Initio Electronic Structure Package
                              PSI 4.0.0-alpha Driver
    T. D. Crawford, C. D. Sherrill, E. F. Valeev, J. T. Fermann, R. A. King,
    M. L. Leininger, S. T. Brown, C. L. Janssen, E. T. Seidl, J. P. Kenny,
    and W. D. Allen, J. Comput. Chem. 28, 1610-1616 (2007)

                         Additional Contributions by
    Francesco Evangelista, Andrew Simmonett, Justin Turney, Jeremiah Wilke
    -----------------------------------------------------------------------


    Using LocalCommunicator (Number of processes = 1)

    Memory level set to 256.000 MB

  ==> Input File <==

--------------------------------------------------------------------------
molecule {
0 1
Ar
symmetry c1
}

plugin_load("../../plugin_omega.so")

set globals {
  scf_type direct
  basis cc-pvdz
  ri_basis_scf cc-pvdz-ri
  reference uks
  dft_functional wB97
  dft_order_spherical 31 
  dft_n_radial 50
  omega_procedure ip
  d_converge 5
  e_converge 7
  #debug 3
}


energy('scf')
plugin("../../plugin_omega.so")
--------------------------------------------------------------------------
../../plugin_omega.so loaded.

*** tstart() called on ender
*** at Tue Aug  9 12:44:05 2011


         ---------------------------------------------------------
                                   SCF
            by Justin Turney, Rob Parrish, and Andy Simmonnett
                              UKS Reference
                        4 Threads,    256 MiB Core
         ---------------------------------------------------------

  ==> Geometry <==

    Molecular point group: c1

    Geometry (in Angstrom), charge = 0, multiplicity = 1:

       Center              X                  Y                   Z       
    ------------   -----------------  -----------------  -----------------
          AR          0.000000000000     0.000000000000     0.000000000000

    Number of unique atoms: 1

    Atoms equivalency:
       unique atom 0: 0 

  Running in c1 symmetry.

  Nuclear repulsion =    0.000000000000000

  Charge       = 0
  Multiplicity = 1
  Electrons    = 18
  Nalpha       = 9
  Nbeta        = 9

  ==> Algorithm <==

  SCF Algorithm Type is DIRECT.
  DIIS enabled.
  MOM disabled.
  Guess Type is CORE.
  Energy threshold   = 1.00e-07
  Density threshold  = 1.00e-05
  Integral threshold = 0.00e+00

  ==> Primary Basis: CC-PVDZ <==

  Basis Set
    Number of shells: 8
    Number of basis function: 18
    Number of Cartesian functions: 19
    Spherical Harmonics?: true
    Max angular momentum: 2

  Selected Functional is wB97.

  ==> Pre-Iterations <==

  Minimum eigenvalue in the overlap matrix is 1.1016109502E-01.
  Using Symmetric Orthogonalization.
  SCF Guess: Core (One-Electron) Hamiltonian.

  Initial UKS energy:  -373.77430245290873

   -------------------------------------------------------
    Irrep   Nso     Nmo     Nalpha   Nbeta   Ndocc  Nsocc
   -------------------------------------------------------
     A         18      18       9       9       9       0
   -------------------------------------------------------
    Total      18      18       9       9       9       0
   -------------------------------------------------------

  ==> Integral Setup <==

  Building Direct Integral Objects...

  ==> Iterations <==

                        Total Energy        Delta E     Density RMS

   @UKS iter   1:  -524.22035984529145   -1.50446e+02   0.00000e+00  
   @UKS iter   2:  -527.14904855253985   -2.92869e+00   2.04273e-01 DIIS
   @UKS iter   3:  -527.53189158972339   -3.82843e-01   3.41460e-02 DIIS
   @UKS iter   4:  -527.53258546186146   -6.93872e-04   1.78151e-03 DIIS
   @UKS iter   5:  -527.53259144346862   -5.98161e-06   1.40679e-04 DIIS
   @UKS iter   6:  -527.53259181713850   -3.73670e-07   5.63489e-05 DIIS
   @UKS iter   7:  -527.53259181740532   -2.66823e-10   8.64954e-07 DIIS

  ==> Post-Iterations <==

	Orbital Energies (a.u.)
	-----------------------

	Alpha Occupied:                                                       

	   1A   -114.446555     2A    -11.056920     3A     -8.658849  
	   4A     -8.658849     5A     -8.658849     6A     -1.098160  
	   7A     -0.540791     8A     -0.540791     9A     -0.540791  

	Alpha Virtual:                                                        

	  10A      0.706034    11A      0.706034    12A      0.706034  
	  13A      0.855025    14A      0.956816    15A      0.956816  
	  16A      0.956816    17A      0.956816    18A      0.956816  

	Beta Occupied:                                                        

	   1A   -114.446555     2A    -11.056920     3A     -8.658849  
	   4A     -8.658849     5A     -8.658849     6A     -1.098160  
	   7A     -0.540791     8A     -0.540791     9A     -0.540791  

	Beta Virtual:                                                         

	  10A      0.706034    11A      0.706034    12A      0.706034  
	  13A      0.855025    14A      0.956816    15A      0.956816  
	  16A      0.956816    17A      0.956816    18A      0.956816  

	Final Occupation by Irrep:
	          A 
	DOCC [     9 ]
	SOCC [     0 ]

  Energy converged.

  @UKS Final Energy:  -527.53259181740532

  ==> Properties <==

 OEPROP: One-electron properties/analyses.
  by Rob Parrish and Justin Turney.
  built on LIBMINTS.

 Dipole Moment: (a.u.)
     X:    -0.0000      Y:    -0.0000      Z:    -0.0000     Total:     0.0000

 Dipole Moment: (Debye)
     X:    -0.0000      Y:    -0.0000      Z:    -0.0000     Total:     0.0000


  @Spin Contamination Metric: -0.00000
  @S^2 Expected:               0.00000
  @S^2 Observed:              -0.00000

  Saving occupied orbitals to File 100.

*** tstop() called on ender at Tue Aug  9 12:44:15 2011
	user time   =      10.59 seconds =       0.18 minutes
	system time =       0.07 seconds =       0.00 minutes
	total time  =         10 seconds =       0.17 minutes
Calling plugin ../../plugin_omega.so.

*** tstart() called on ender
*** at Tue Aug  9 12:44:15 2011


         ---------------------------------------------------------
                          Optimized-Omega RC-KS
                            IP-Only Algorithm                
                               Rob Parrish
                        4 Threads,    256 MiB Core
         ---------------------------------------------------------

 ==> Functional <==

  wB97

 ==> Geometry <==

    Molecular point group: c1

    Geometry (in Angstrom), charge = 0, multiplicity = 1:

       Center              X                  Y                   Z       
    ------------   -----------------  -----------------  -----------------
          AR          0.000000000000     0.000000000000     0.000000000000

    Number of unique atoms: 1

    Atoms equivalency:
       unique atom 0: 0 

  Nuclear repulsion =    0.000000000000000

  Nalpha = 9
  Nbeta  = 9

  ==> Primary Basis <==

  Basis Set
    Number of shells: 8
    Number of basis function: 18
    Number of Cartesian functions: 19
    Spherical Harmonics?: true
    Max angular momentum: 2

  ==> Primary Basis <==

  Basis Set
    Number of shells: 24
    Number of basis function: 76
    Number of Cartesian functions: 90
    Spherical Harmonics?: true
    Max angular momentum: 3

  ==> Omega Guess: HOMO Size <== 

   HOMO <R>:          1.79644E+00
   Initial Omega^-1:  1.79644E+00
   Initial Omega:     5.56655E-01

  Canonical Orthogonalization: 18 of 18 functions retained, 0 projected

  ==> Burn-In Procedure <==

  *** Step    1: Burn-In Step ***

   => N SCF <=

   Iter               Energy      Delta E      Delta D Stat
      1  -527.55837974402311 -5.27558E+02  8.09313E-04 
      2  -527.55841113328893 -3.13893E-05  2.26815E-04 DIIS
      3  -527.55841299036274 -1.85707E-06  4.56337E-05 DIIS
      4  -527.55841303722173 -4.68590E-08  3.55556E-06 DIIS

   => N-1 SCF <=

   Iter               Energy      Delta E      Delta D Stat
      1  -526.92703892811346 -5.26927E+02  3.02336E-02 
      2  -526.97421704085514 -4.71781E-02  5.23212E-03 DIIS
      3  -526.97598715537038 -1.77011E-03  4.73827E-04 DIIS
      4  -526.97602361350368 -3.64581E-05  8.24053E-05 DIIS
      5  -526.97602501090171 -1.39740E-06  6.36557E-06 DIIS
      6  -526.97602501525262 -4.35091E-09  2.50958E-08 DIIS

  ==> Omega Optimization Procedure <==

  *** Step    2: Bracketing Step ***

    Old Omega:     5.56655395E-01
    Old kIP:       5.74403097E-01
    Old IP:        5.82388022E-01
    Old Delta IP: -7.98492474E-03
    Multipler:     2.00000000E+00
    New Omega:     1.11331079E+00

   => N SCF <=

   Iter               Energy      Delta E      Delta D Stat
      1  -527.59023770069314 -3.18247E-02  1.20395E-03 
      2  -527.59030023691832 -6.25362E-05  2.20765E-04 DIIS
      3  -527.59030408415470 -3.84724E-06  6.43213E-05 DIIS
      4  -527.59030414567712 -6.15224E-08  7.50969E-06 DIIS

   => N-1 SCF <=

   Iter               Energy      Delta E      Delta D Stat
      1  -527.00559763160174 -2.95726E-02  1.23852E-03 
      2  -527.00592730954895 -3.29678E-04  1.70022E-04 DIIS
      3  -527.00594006934318 -1.27598E-05  3.05639E-05 DIIS
      4  -527.00594036959103 -3.00248E-07  5.34906E-06 DIIS
      5  -527.00594037636984 -6.77881E-09  3.80452E-07 DIIS

  *** Step Results ***

    Omega:     1.11331079E+00
    kIP:       6.16805492E-01
    IP:        5.84363769E-01
    Delta IP:  3.24417228E-02

  *** Omega Bracketed ***

  *** Step    3: Regula Falsi 3 Step ***

    New Omega:     6.66603949E-01

   => N SCF <=

   Iter               Energy      Delta E      Delta D Stat
      1  -527.56226898299929  2.80352E-02  2.54104E-04 
      2  -527.56227206071674 -3.07772E-06  6.54542E-05 DIIS
      3  -527.56227229460592 -2.33889E-07  1.72520E-05 DIIS
      4  -527.56227225671716  3.78888E-08  5.66395E-07 DIIS

   => N-1 SCF <=

   Iter               Energy      Delta E      Delta D Stat
      1  -526.97872852760599  2.72118E-02  1.83355E-04 
      2  -526.97873261640518 -4.08880E-06  4.34642E-05 DIIS
      3  -526.97873275529582 -1.38891E-07  5.12387E-06 DIIS
      4  -526.97873275736049 -2.06467E-09  6.82278E-07 DIIS

  *** Step Results ***

    Omega:     6.66603949E-01
    kIP:       5.89621292E-01
    IP:        5.83539499E-01
    Delta IP:  6.08179310E-03

  *** Step    4: Regula Falsi 3 Step ***

    New Omega:     6.19067320E-01

   => N SCF <=

   Iter               Energy      Delta E      Delta D Stat
      1  -527.56045319885357  1.81906E-03  4.04433E-05 
      2  -527.56045325814023 -5.92867E-08  8.63753E-06 DIIS

   => N-1 SCF <=

   Iter               Energy      Delta E      Delta D Stat
      1  -526.97732594912532  1.40681E-03  2.57837E-05 
      2  -526.97732598848609 -3.93608E-08  5.93701E-06 DIIS

  *** Step Results ***

    Omega:     6.19067320E-01
    kIP:       5.83620430E-01
    IP:        5.83127270E-01
    Delta IP:  4.93160628E-04

  *** Step    5: Regula Falsi 3 Step ***

    New Omega:     6.12205596E-01

   => N SCF <=

   Iter               Energy      Delta E      Delta D Stat
      1  -527.56020843423880  2.44824E-04  6.10531E-06 
      2  -527.56020843691738 -2.67858E-09  2.98921E-06 DIIS

   => N-1 SCF <=

   Iter               Energy      Delta E      Delta D Stat
      1  -526.97715070998515  1.75279E-04  3.50840E-06 
      2  -526.97715071144762 -1.46247E-09  1.40203E-06 DIIS

  *** Step Results ***

    Omega:     6.12205596E-01
    kIP:       5.82692295E-01
    IP:        5.83057725E-01
    Delta IP: -3.65430871E-04

  *** Step    6: Regula Falsi 3 Step ***

    New Omega:     6.15126060E-01

   => N SCF <=

   Iter               Energy      Delta E      Delta D Stat
      1  -527.56031206052432 -1.03624E-04  1.58037E-06 
      2  -527.56031206388184 -3.35751E-09  7.61970E-06 DIIS

   => N-1 SCF <=

   Iter               Energy      Delta E      Delta D Stat
      1  -526.97722441281633 -7.37014E-05  4.89400E-07 
      2  -526.97722441274789  6.84395E-11  1.26082E-07 DIIS

  *** Step Results ***

    Omega:     6.15126060E-01
    kIP:       5.83149320E-01
    IP:        5.83087651E-01
    Delta IP:  6.16692971E-05

  *** Step    7: Regula Falsi 3 Step ***

    New Omega:     6.14704372E-01

   => N SCF <=

   Iter               Energy      Delta E      Delta D Stat
      1  -527.56029703456966  1.50293E-05  8.08844E-06 
      2  -527.56029705121261 -1.66430E-08  8.28428E-06 DIIS

   => N-1 SCF <=

   Iter               Energy      Delta E      Delta D Stat
      1  -526.97721368817076  1.07246E-05  2.35804E-07 
      2  -526.97721368811267  5.80940E-11  9.90384E-07 DIIS

  *** Step Results ***

    Omega:     6.14704372E-01
    kIP:       5.83088855E-01
    IP:        5.83083363E-01
    Delta IP:  5.49206135E-06

  *** Step    8: Regula Falsi 3 Step ***

    New Omega:     6.14631456E-01

   => N SCF <=

   Iter               Energy      Delta E      Delta D Stat
      1  -527.56029443854538  2.61267E-06  8.29189E-06 
      2  -527.56029445670276 -1.81574E-08  8.71834E-06 DIIS

   => N-1 SCF <=

   Iter               Energy      Delta E      Delta D Stat
      1  -526.97721183668148  1.85143E-06  8.58732E-07 
      2  -526.97721183652857  1.52909E-10  5.14940E-07 DIIS

  *** Step Results ***

    Omega:     6.14631456E-01
    kIP:       5.83080879E-01
    IP:        5.83082620E-01
    Delta IP: -1.74070487E-06

  ==> Final Convergence Procedure <==

   => N SCF <=

   Iter               Energy      Delta E      Delta D Stat
      1  -527.56029443782109  1.88817E-08  8.80041E-06 

   UKS N Orbital Energies [a.u.]:

	Alpha Occupied:                                                       

	   1A   -114.573834     2A    -11.176139     3A     -8.767945  
	   4A     -8.767945     5A     -8.767945     6A     -1.185998  
	   7A     -0.582988     8A     -0.582988     9A     -0.582988  

	Alpha Virtual:                                                        

	  10A      0.728815    11A      0.728815    12A      0.728815  
	  13A      0.890948    14A      1.005003    15A      1.005003  
	  16A      1.005003    17A      1.005003    18A      1.005003  

	Beta Occupied:                                                        

	   1A   -114.573834     2A    -11.176139     3A     -8.767945  
	   4A     -8.767945     5A     -8.767945     6A     -1.185998  
	   7A     -0.582988     8A     -0.582988     9A     -0.582988  

	Beta Virtual:                                                         

	  10A      0.728815    11A      0.728815    12A      0.728815  
	  13A      0.890948    14A      1.005003    15A      1.005003  
	  16A      1.005003    17A      1.005003    18A      1.005003  

  @UKS N Final energy:    -527.5602944378210850

   => N-1 SCF <=

   Iter               Energy      Delta E      Delta D Stat
      1  -526.97721183663282 -1.04251E-10  6.75787E-07 

   UKS N-1 Orbital Energies [a.u.]:

	Alpha Occupied:                                                       

	   1A   -115.108514     2A    -11.699669     3A     -9.314160  
	   4A     -9.284669     5A     -9.284669     6A     -1.679511  
	   7A     -1.102021     8A     -1.033470     9A     -1.033470  

	Alpha Virtual:                                                        

	  10A      0.341928    11A      0.368607    12A      0.368607  
	  13A      0.480935    14A      0.497384    15A      0.503869  
	  16A      0.503869    17A      0.556093    18A      0.556093  

	Beta Occupied:                                                        

	   1A   -115.101567     2A    -11.696250     3A     -9.299786  
	   4A     -9.280873     5A     -9.280873     6A     -1.591553  
	   7A     -1.010564     8A     -1.010564  

	Beta Virtual:                                                         

	   9A     -0.584490    10A      0.373383    11A      0.373383  
	  12A      0.383241    13A      0.492414    14A      0.571903  
	  15A      0.571904    16A      0.590759    17A      0.590759  
	  18A      0.599072  

  @UKS N-1 Final energy:    -526.9772118366328186

  *** Omega Optimization Profile ***

  Iter        Omega          kIP           IP     Delta IP Step Type
     1  5.56655E-01  5.74403E-01  5.82388E-01 -7.98492E-03 Initial Guess
     2  1.11331E+00  6.16805E-01  5.84364E-01  3.24417E-02 Bracket Step
     3  6.66604E-01  5.89621E-01  5.83539E-01  6.08179E-03 Regula-Falsi3 Step
     4  6.19067E-01  5.83620E-01  5.83127E-01  4.93161E-04 Regula-Falsi3 Step
     5  6.12206E-01  5.82692E-01  5.83058E-01 -3.65431E-04 Regula-Falsi3 Step
     6  6.15126E-01  5.83149E-01  5.83088E-01  6.16693E-05 Regula-Falsi3 Step
     7  6.14704E-01  5.83089E-01  5.83083E-01  5.49206E-06 Regula-Falsi3 Step
     8  6.14631E-01  5.83081E-01  5.83083E-01 -1.74070E-06 Regula-Falsi3 Step


*** tstop() called on ender at Tue Aug  9 12:44:50 2011
	user time   =      48.69 seconds =       0.81 minutes
	system time =       0.11 seconds =       0.00 minutes
	total time  =         35 seconds =       0.58 minutes

*** PSI4 exiting successfully, buy a developer a beer!
