    -----------------------------------------------------------------------
          PSI4: An Open-Source Ab Initio Electronic Structure Package
                              PSI 4.0.0-alpha Driver
    T. D. Crawford, C. D. Sherrill, E. F. Valeev, J. T. Fermann, R. A. King,
    M. L. Leininger, S. T. Brown, C. L. Janssen, E. T. Seidl, J. P. Kenny,
    and W. D. Allen, J. Comput. Chem. 28, 1610-1616 (2007)

                         Additional Contributions by
    Francesco Evangelista, Andrew Simmonett, Justin Turney, Jeremiah Wilke
    -----------------------------------------------------------------------


    Using LocalCommunicator (Number of processes = 1)

    Memory level set to 256.000 MB

  ==> Input File <==

--------------------------------------------------------------------------
molecule {
0 2
Na
symmetry c1
}

plugin_load("../../plugin_omega.so")

set globals {
  scf_type direct
  basis cc-pvdz
  ri_basis_scf cc-pvdz-ri
  reference uks
  dft_functional wB97
  dft_order_spherical 31 
  dft_n_radial 50
  omega_procedure ip
  d_converge 5
  e_converge 7
  #debug 3
}


energy('scf')
plugin("../../plugin_omega.so")
--------------------------------------------------------------------------
../../plugin_omega.so loaded.

*** tstart() called on ender
*** at Tue Aug  9 12:32:15 2011


         ---------------------------------------------------------
                                   SCF
            by Justin Turney, Rob Parrish, and Andy Simmonnett
                              UKS Reference
                        4 Threads,    256 MiB Core
         ---------------------------------------------------------

  ==> Geometry <==

    Molecular point group: c1

    Geometry (in Angstrom), charge = 0, multiplicity = 2:

       Center              X                  Y                   Z       
    ------------   -----------------  -----------------  -----------------
          NA          0.000000000000     0.000000000000     0.000000000000

    Number of unique atoms: 1

    Atoms equivalency:
       unique atom 0: 0 

  Running in c1 symmetry.

  Nuclear repulsion =    0.000000000000000

  Charge       = 0
  Multiplicity = 2
  Electrons    = 11
  Nalpha       = 6
  Nbeta        = 5

  ==> Algorithm <==

  SCF Algorithm Type is DIRECT.
  DIIS enabled.
  MOM disabled.
  Guess Type is CORE.
  Energy threshold   = 1.00e-07
  Density threshold  = 1.00e-05
  Integral threshold = 0.00e+00

  ==> Primary Basis: CC-PVDZ <==

  Basis Set
    Number of shells: 8
    Number of basis function: 18
    Number of Cartesian functions: 19
    Spherical Harmonics?: true
    Max angular momentum: 2

  Selected Functional is wB97.

  ==> Pre-Iterations <==

  Minimum eigenvalue in the overlap matrix is 1.1743682057E-01.
  Using Symmetric Orthogonalization.
  SCF Guess: Core (One-Electron) Hamiltonian.

  Initial UKS energy:  -114.51790750997489

   -------------------------------------------------------
    Irrep   Nso     Nmo     Nalpha   Nbeta   Ndocc  Nsocc
   -------------------------------------------------------
     A         18      18       6       5       5       1
   -------------------------------------------------------
    Total      18      18       6       5       5       1
   -------------------------------------------------------

  ==> Integral Setup <==

  Building Direct Integral Objects...

  ==> Iterations <==

                        Total Energy        Delta E     Density RMS

   @UKS iter   1:  -162.11327892217079   -4.75954e+01   0.00000e+00  
   @UKS iter   2:  -162.24509544188797   -1.31817e-01   5.38856e-02 DIIS
   @UKS iter   3:  -162.25430758818237   -9.21215e-03   1.83681e-02 DIIS
   @UKS iter   4:  -162.25588546972969   -1.57788e-03   7.73302e-03 DIIS
   @UKS iter   5:  -162.25596274196832   -7.72722e-05   1.94917e-03 DIIS
   @UKS iter   6:  -162.25596277287821   -3.09099e-08   1.52692e-05 DIIS

  ==> Post-Iterations <==

	Orbital Energies (a.u.)
	-----------------------

	Alpha Occupied:                                                       

	   1A    -38.193990     2A     -2.306755     3A     -1.257188  
	   4A     -1.257188     5A     -1.257188     6A     -0.176714  

	Alpha Virtual:                                                        

	   7A      0.023942     8A      0.023942     9A      0.023942  
	  10A      0.106880    11A      0.144441    12A      0.144441  
	  13A      0.144441    14A      0.263115    15A      0.263115  
	  16A      0.263115    17A      0.263115    18A      0.263115  

	Beta Occupied:                                                        

	   1A    -38.193428     2A     -2.305975     3A     -1.256458  
	   4A     -1.256458     5A     -1.256458  

	Beta Virtual:                                                         

	   6A      0.129858     7A      0.129858     8A      0.129858  
	   9A      0.138213    10A      0.235596    11A      0.311485  
	  12A      0.311485    13A      0.311485    14A      0.447898  
	  15A      0.447898    16A      0.447898    17A      0.447898  
	  18A      0.447898  

	Final Occupation by Irrep:
	          A 
	DOCC [     5 ]
	SOCC [     1 ]

  Energy converged.

  @UKS Final Energy:  -162.25596277287821

  ==> Properties <==

 OEPROP: One-electron properties/analyses.
  by Rob Parrish and Justin Turney.
  built on LIBMINTS.

 Dipole Moment: (a.u.)
     X:     0.0000      Y:     0.0000      Z:    -0.0000     Total:     0.0000

 Dipole Moment: (Debye)
     X:     0.0000      Y:     0.0000      Z:    -0.0000     Total:     0.0000


  @Spin Contamination Metric:  0.00018
  @S^2 Expected:               0.75000
  @S^2 Observed:               0.75018

  Saving occupied orbitals to File 100.

*** tstop() called on ender at Tue Aug  9 12:32:24 2011
	user time   =       9.01 seconds =       0.15 minutes
	system time =       0.06 seconds =       0.00 minutes
	total time  =          9 seconds =       0.15 minutes
Calling plugin ../../plugin_omega.so.

*** tstart() called on ender
*** at Tue Aug  9 12:32:24 2011


         ---------------------------------------------------------
                          Optimized-Omega RC-KS
                            IP-Only Algorithm                
                               Rob Parrish
                        4 Threads,    256 MiB Core
         ---------------------------------------------------------

 ==> Functional <==

  wB97

 ==> Geometry <==

    Molecular point group: c1

    Geometry (in Angstrom), charge = 0, multiplicity = 2:

       Center              X                  Y                   Z       
    ------------   -----------------  -----------------  -----------------
          NA          0.000000000000     0.000000000000     0.000000000000

    Number of unique atoms: 1

    Atoms equivalency:
       unique atom 0: 0 

  Nuclear repulsion =    0.000000000000000

  Nalpha = 6
  Nbeta  = 5

  ==> Primary Basis <==

  Basis Set
    Number of shells: 8
    Number of basis function: 18
    Number of Cartesian functions: 19
    Spherical Harmonics?: true
    Max angular momentum: 2

  ==> Primary Basis <==

  Basis Set
    Number of shells: 24
    Number of basis function: 76
    Number of Cartesian functions: 90
    Spherical Harmonics?: true
    Max angular momentum: 3

  ==> Omega Guess: HOMO Size <== 

   HOMO <R>:          4.61316E+00
   Initial Omega^-1:  4.61316E+00
   Initial Omega:     2.16771E-01

  Canonical Orthogonalization: 18 of 18 functions retained, 0 projected

  ==> Burn-In Procedure <==

  *** Step    1: Burn-In Step ***

   => N SCF <=

   Iter               Energy      Delta E      Delta D Stat
      1  -162.28585252342435 -1.62286E+02  1.64715E-03 
      2  -162.28591368246285 -6.11590E-05  7.98443E-04 DIIS
      3  -162.28592256764102 -8.88518E-06  6.77745E-04 DIIS
      4  -162.28592503925978 -2.47162E-06  1.79154E-05 DIIS
      5  -162.28592504205042 -2.79064E-09  2.56022E-07 DIIS

   => N-1 SCF <=

   Iter               Energy      Delta E      Delta D Stat
      1  -162.10949518993854 -1.62109E+02  1.78079E-03 
      2  -162.10976550268154 -2.70313E-04  2.60163E-05 DIIS
      3  -162.10976845129110 -2.94861E-06  9.06193E-07 DIIS
      4  -162.10976850185330 -5.05622E-08  1.33063E-07 DIIS

  ==> Omega Optimization Procedure <==

  *** Step    2: Bracketing Step ***

    Old Omega:     2.16771247E-01
    Old kIP:       1.67751033E-01
    Old IP:        1.76156540E-01
    Old Delta IP: -8.40550696E-03
    Multipler:     2.00000000E+00
    New Omega:     4.33542495E-01

   => N SCF <=

   Iter               Energy      Delta E      Delta D Stat
      1  -162.26487912853671  2.10459E-02  1.76396E-03 
      2  -162.26494968551168 -7.05570E-05  8.98362E-04 DIIS
      3  -162.26495970322804 -1.00177E-05  5.93496E-04 DIIS
      4  -162.26496159707341 -1.89385E-06  1.64573E-05 DIIS
      5  -162.26496159829153 -1.21813E-09  3.12742E-08 DIIS

   => N-1 SCF <=

   Iter               Energy      Delta E      Delta D Stat
      1  -162.08622525390120  2.35432E-02  8.53875E-04 
      2  -162.08626576424223 -4.05103E-05  7.47065E-05 DIIS
      3  -162.08626609041488 -3.26173E-07  2.37396E-06 DIIS
      4  -162.08626609075560 -3.40719E-10  5.70918E-08 DIIS

  *** Step Results ***

    Omega:     4.33542495E-01
    kIP:       1.77140588E-01
    IP:        1.78695508E-01
    Delta IP: -1.55491970E-03

  *** Step    3: Bracketing Step ***

    Old Omega:     4.33542495E-01
    Old kIP:       1.77140588E-01
    Old IP:        1.78695508E-01
    Old Delta IP: -1.55491970E-03
    Multipler:     2.00000000E+00
    New Omega:     8.67084989E-01

   => N SCF <=

   Iter               Energy      Delta E      Delta D Stat
      1  -162.30215257251865 -3.71910E-02  1.51498E-03 
      2  -162.30232661851988 -1.74046E-04  1.48408E-04 DIIS
      3  -162.30232842351299 -1.80499E-06  1.06016E-05 DIIS
      4  -162.30232842596703 -2.45404E-09  5.18863E-06 DIIS

   => N-1 SCF <=

   Iter               Energy      Delta E      Delta D Stat
      1  -162.12351241902192 -3.72463E-02  1.45172E-03 
      2  -162.12367998276991 -1.67564E-04  1.31404E-04 DIIS
      3  -162.12368147594168 -1.49317E-06  3.54053E-06 DIIS
      4  -162.12368147643764 -4.95959E-10  5.56363E-08 DIIS

  *** Step Results ***

    Omega:     8.67084989E-01
    kIP:       1.77895060E-01
    IP:        1.78646950E-01
    Delta IP: -7.51889236E-04

  *** Step    4: Bracketing Step ***

    Old Omega:     8.67084989E-01
    Old kIP:       1.77895060E-01
    Old IP:        1.78646950E-01
    Old Delta IP: -7.51889236E-04
    Multipler:     2.00000000E+00
    New Omega:     1.73416998E+00

   => N SCF <=

   Iter               Energy      Delta E      Delta D Stat
      1  -162.31059592997968 -8.26750E-03  2.92962E-03 
      2  -162.31115619928252 -5.60269E-04  3.19189E-04 DIIS
      3  -162.31116201833012 -5.81905E-06  5.74545E-05 DIIS
      4  -162.31116206285503 -4.45249E-08  2.55560E-05 DIIS
      5  -162.31116206928263 -6.42760E-09  1.19266E-05 DIIS
      6  -162.31116206994645 -6.63817E-10  3.23784E-07 DIIS

   => N-1 SCF <=

   Iter               Energy      Delta E      Delta D Stat
      1  -162.13097299844645 -7.29152E-03  2.79497E-03 
      2  -162.13156501877029 -5.92020E-04  2.52231E-04 DIIS
      3  -162.13157005756526 -5.03879E-06  2.55238E-06 DIIS
      4  -162.13157005911245 -1.54719E-09  4.57497E-08 DIIS

  *** Step Results ***

    Omega:     1.73416998E+00
    kIP:       1.78824436E-01
    IP:        1.79592011E-01
    Delta IP: -7.67574655E-04

  *** Step    5: Bracketing Step ***

    Old Omega:     1.73416998E+00
    Old kIP:       1.78824436E-01
    Old IP:        1.79592011E-01
    Old Delta IP: -7.67574655E-04
    Multipler:     2.00000000E+00
    New Omega:     3.46833996E+00

   => N SCF <=

   Iter               Energy      Delta E      Delta D Stat
      1  -162.28788734488853  2.32747E-02  1.08530E-03 
      2  -162.28795261729499 -6.52724E-05  2.03785E-04 DIIS
      3  -162.28795364409373 -1.02680E-06  8.08450E-05 DIIS
      4  -162.28795371381690 -6.97232E-08  4.01514E-05 DIIS
      5  -162.28795372265154 -8.83463E-09  2.74808E-06 DIIS

   => N-1 SCF <=

   Iter               Energy      Delta E      Delta D Stat
      1  -162.10744112043392  2.41289E-02  1.01088E-03 
      2  -162.10751983131235 -7.87109E-05  1.01628E-04 DIIS
      3  -162.10752060619311 -7.74881E-07  9.93582E-07 DIIS
      4  -162.10752060661179 -4.18680E-10  1.57680E-07 DIIS

  *** Step Results ***

    Omega:     3.46833996E+00
    kIP:       1.79656770E-01
    IP:        1.80433116E-01
    Delta IP: -7.76346149E-04

  *** Step    6: Bracketing Step ***

    Old Omega:     3.46833996E+00
    Old kIP:       1.79656770E-01
    Old IP:        1.80433116E-01
    Old Delta IP: -7.76346149E-04
    Multipler:     2.00000000E+00
    New Omega:     6.93667991E+00

   => N SCF <=

   Iter               Energy      Delta E      Delta D Stat
      1  -162.33487508266924 -4.69214E-02  2.25329E-04 
      2  -162.33488077216413 -5.68949E-06  5.58916E-05 DIIS
      3  -162.33488085061177 -7.84476E-08  3.01397E-05 DIIS
      4  -162.33488086100638 -1.03946E-08  1.57047E-05 DIIS
      5  -162.33488086238120 -1.37481E-09  1.31952E-06 DIIS

   => N-1 SCF <=

   Iter               Energy      Delta E      Delta D Stat
      1  -162.15420321519804 -4.66826E-02  2.08234E-04 
      2  -162.15421078990678 -7.57471E-06  2.08576E-05 DIIS
      3  -162.15421083068000 -4.07732E-08  2.22416E-06 DIIS

  *** Step Results ***

    Omega:     6.93667991E+00
    kIP:       1.79892327E-01
    IP:        1.80670032E-01
    Delta IP: -7.77704260E-04

  *** Step    7: Bracketing Step ***

    Old Omega:     6.93667991E+00
    Old kIP:       1.79892327E-01
    Old IP:        1.80670032E-01
    Old Delta IP: -7.77704260E-04
    Multipler:     2.00000000E+00
    New Omega:     1.38733598E+01

   => N SCF <=

   Iter               Energy      Delta E      Delta D Stat
      1  -162.30857552975064  2.63053E-02  6.82495E-05 
      2  -162.30857673876156 -1.20901E-06  1.75275E-05 DIIS
      3  -162.30857674513376 -6.37220E-09  9.29648E-06 DIIS

   => N-1 SCF <=

   Iter               Energy      Delta E      Delta D Stat
      1  -162.12780222038791  2.64086E-02  6.48137E-05 
      2  -162.12780411212174 -1.89173E-06  6.13126E-06 DIIS
      3  -162.12780411586186 -3.74013E-09  6.75881E-07 DIIS

  *** Step Results ***

    Omega:     1.38733598E+01
    kIP:       1.79993911E-01
    IP:        1.80772629E-01
    Delta IP: -7.78718186E-04

  *** Step    8: Bracketing Step ***

    Old Omega:     1.38733598E+01
    Old kIP:       1.79993911E-01
    Old IP:        1.80772629E-01
    Old Delta IP: -7.78718186E-04
    Multipler:     2.00000000E+00
    New Omega:     2.77467197E+01

   => N SCF <=

   Iter               Energy      Delta E      Delta D Stat
      1  -162.26479223722274  4.37845E-02  1.50619E-05 
      2  -162.26479224859713 -1.13744E-08  1.69116E-06 DIIS

   => N-1 SCF <=

   Iter               Energy      Delta E      Delta D Stat
      1  -162.08402519069193  4.37789E-02  1.18185E-05 
      2  -162.08402520109269 -1.04008E-08  2.56558E-06 DIIS

  *** Step Results ***

    Omega:     2.77467197E+01
    kIP:       1.79987937E-01
    IP:        1.80767048E-01
    Delta IP: -7.79110742E-04

  *** Step    9: Bracketing Step ***

    Old Omega:     2.77467197E+01
    Old kIP:       1.79987937E-01
    Old IP:        1.80767048E-01
    Old Delta IP: -7.79110742E-04
    Multipler:     2.00000000E+00
    New Omega:     5.54934393E+01

   => N SCF <=

   Iter               Energy      Delta E      Delta D Stat
      1  -162.24782810392287  1.69641E-02  1.25874E-05 
      2  -162.24782809671515  7.20772E-09  3.77885E-06 DIIS

   => N-1 SCF <=

   Iter               Energy      Delta E      Delta D Stat
      1  -162.06707227972760  1.69529E-02  7.55172E-06 
      2  -162.06707230998197 -3.02544E-08  1.32947E-05 DIIS
      3  -162.06707229594724  1.40347E-08  3.99927E-06 DIIS

  *** Step Results ***

    Omega:     5.54934393E+01
    kIP:       1.79976529E-01
    IP:        1.80755801E-01
    Delta IP: -7.79271306E-04

  *** Step   10: Bracketing Step ***

    Old Omega:     5.54934393E+01
    Old kIP:       1.79976529E-01
    Old IP:        1.80755801E-01
    Old Delta IP: -7.79271306E-04
    Multipler:     2.00000000E+00
    New Omega:     1.10986879E+02

   => N SCF <=

   Iter               Energy      Delta E      Delta D Stat
      1  -162.24310577963524  4.72232E-03  1.70184E-05 
      2  -162.24310653796539 -7.58330E-07  1.38986E-05 DIIS
      3  -162.24310685397614 -3.16011E-07  5.29376E-06 DIIS
      4  -162.24310680801273  4.59634E-08  6.32244E-06 DIIS

   => N-1 SCF <=

   Iter               Energy      Delta E      Delta D Stat
      1  -162.06235419775189  4.71810E-03  3.81681E-05 
      2  -162.06235446949026 -2.71738E-07  2.77329E-05 DIIS
      3  -162.06235359203924  8.77451E-07  8.85238E-06 DIIS
      4  -162.06235446055103 -8.68512E-07  9.19509E-06 DIIS
      5  -162.06235375731700  7.03234E-07  7.15199E-06 DIIS
      6  -162.06235411834538 -3.61028E-07  2.71841E-06 DIIS
      7  -162.06235405546741  6.28780E-08  2.62118E-06 DIIS

  *** Step Results ***

    Omega:     1.10986879E+02
    kIP:       1.79972951E-01
    IP:        1.80752753E-01
    Delta IP: -7.79801177E-04

  *** Step   11: Bracketing Step ***

    Old Omega:     1.10986879E+02
    Old kIP:       1.79972951E-01
    Old IP:        1.80752753E-01
    Old Delta IP: -7.79801177E-04
    Multipler:     2.00000000E+00
    New Omega:     2.21973757E+02

   => N SCF <=

   Iter               Energy      Delta E      Delta D Stat
      1  -162.24188496363192  1.22184E-03  2.19425E-01 
      2  -160.71004490464443  1.53184E+00  5.26325E-06 DIIS
      3  -160.71004067098727  4.23366E-06  2.11845E-02 DIIS
      4  -160.70994171806657  9.89529E-05  4.58202E-02 DIIS
      5  -160.70989936280750  4.23553E-05  1.99764E-02 DIIS
      6  -160.70992297340351 -2.36106E-05  6.09206E-03 DIIS
      7  -160.70992982683060 -6.85343E-06  1.34560E-03 DIIS
      8  -160.70994205489393 -1.22281E-05  1.54415E-02 DIIS
      9  -160.70994855698575 -6.50209E-06  2.43935E-02 DIIS
     10  -160.70990284533153  4.57117E-05  3.18950E-02 DIIS
     11  -160.70991538203748 -1.25367E-05  3.71582E-02 DIIS
     12  -160.71004188628899 -1.26504E-04  2.03577E-02 DIIS
     13  -160.71005194267357 -1.00564E-05  4.02787E-02 DIIS
     14  -160.70995314577880  9.87969E-05  1.86394E-03 DIIS
     15  -160.70997963600072 -2.64902E-05  1.72038E-02 DIIS
     16  -160.71001773833888 -3.81023E-05  4.94976E-03 DIIS
     17  -160.71002219314619 -4.45481E-06  5.02950E-02 DIIS
     18  -160.71008785398814 -6.56608E-05  2.74689E-02 DIIS
     19  -160.70996952852036  1.18325E-04  1.87729E-02 DIIS
     20  -160.71006662133698 -9.70928E-05  3.21962E-02 DIIS
     21  -160.70997562531051  9.09960E-05  1.83675E-03 DIIS
     22  -160.70998963965016 -1.40143E-05  4.46089E-03 DIIS
     23  -160.70995489133543  3.47483E-05  1.21380E-02 DIIS
     24  -160.71001572887573 -6.08375E-05  5.53845E-03 DIIS
     25  -160.70999601006150  1.97188E-05  7.30814E-02 DIIS
     26  -160.71007527312841 -7.92631E-05  7.45996E-02 DIIS
     27  -160.70997051763678  1.04755E-04  2.78461E-02 DIIS
     28  -160.71000040266674 -2.98850E-05  3.75031E-02 DIIS
     29  -160.70996517146520  3.52312E-05  4.22422E-02 DIIS
     30  -160.71005700560232 -9.18341E-05  6.18989E-02 DIIS
     31  -160.71002328569912  3.37199E-05  7.83776E-02 DIIS
     32  -160.71006720020497 -4.39145E-05  7.05058E-02 DIIS
     33  -160.71000048027409  6.67199E-05  5.02061E-02 DIIS
     34  -160.71006690278054 -6.64225E-05  1.15020E-02 DIIS
     35  -160.71003159347740  3.53093E-05  5.88681E-02 DIIS
     36  -160.70994580877871  8.57847E-05  4.32355E-02 DIIS
     37  -160.71005122555604 -1.05417E-04  6.64089E-02 DIIS
     38  -160.70994609681401  1.05129E-04  5.70999E-02 DIIS
     39  -160.71001539181103 -6.92950E-05  7.76256E-02 DIIS
     40  -160.71001425600258  1.13581E-06  7.51405E-02 DIIS
     41  -160.70998812922087  2.61268E-05  5.06685E-02 DIIS
     42  -160.71010135829280 -1.13229E-04  6.99851E-02 DIIS
     43  -160.70994092617389  1.60432E-04  1.13834E-02 DIIS
     44  -160.70990846205450  3.24641E-05  1.02204E-02 DIIS
     45  -160.70991661260391 -8.15055E-06  1.10573E-02 DIIS
     46  -160.70991975333840 -3.14073E-06  1.33161E-02 DIIS
     47  -160.70992707010623 -7.31677E-06  1.51155E-02 DIIS
     48  -160.70993186524504 -4.79514E-06  1.96741E-02 DIIS
     49  -160.70993567573791 -3.81049E-06  2.98115E-02 DIIS
     50  -160.70995219016800 -1.65144E-05  3.58256E-02 DIIS
     51  -160.70991789402919  3.42961E-05  4.68116E-02 DIIS
     52  -160.70998759935171 -6.97053E-05  4.74286E-02 DIIS
     53  -160.70991307787085  7.45215E-05  4.55849E-02 DIIS
     54  -160.71000744552296 -9.43677E-05  5.02115E-02 DIIS
     55  -160.70993594183847  7.15037E-05  5.77926E-02 DIIS
     56  -160.71003338372046 -9.74419E-05  5.76050E-02 DIIS
     57  -160.70991100427690  1.22379E-04  5.39406E-02 DIIS
     58  -160.71002402768147 -1.13023E-04  5.35362E-02 DIIS
     59  -160.70990959777521  1.14430E-04  5.65570E-02 DIIS
     60  -160.71003152512122 -1.21927E-04  5.64933E-02 DIIS
     61  -160.70991719124862  1.14334E-04  5.24726E-02 DIIS
     62  -160.70999995977445 -8.27685E-05  5.03171E-02 DIIS
     63  -160.70992523915393  7.47206E-05  4.44258E-02 DIIS
     64  -160.70997973425352 -5.44951E-05  4.66495E-02 DIIS
     65  -160.70992903138674  5.07029E-05  5.82683E-02 DIIS
     66  -160.71003542485005 -1.06393E-04  5.45705E-02 DIIS
     67  -160.70990887432890  1.26551E-04  4.26665E-02 DIIS
     68  -160.70999225994208 -8.33856E-05  4.49942E-02 DIIS
     69  -160.70991794268315  7.43173E-05  4.87097E-02 DIIS
     70  -160.71000778935982 -8.98467E-05  4.81874E-02 DIIS
     71  -160.70991581827278  9.19711E-05  4.39710E-02 DIIS
     72  -160.70998802897205 -7.22107E-05  4.38375E-02 DIIS
     73  -160.70991067416043  7.73548E-05  5.03618E-02 DIIS
     74  -160.71000294825575 -9.22741E-05  4.89330E-02 DIIS
     75  -160.70991506862251  8.78796E-05  4.96333E-02 DIIS
     76  -160.71001982476250 -1.04756E-04  5.16199E-02 DIIS
     77  -160.70991845687976  1.01368E-04  5.00696E-02 DIIS
     78  -160.71000304683261 -8.45900E-05  5.05192E-02 DIIS
     79  -160.70992597152363  7.70753E-05  5.79074E-02 DIIS
     80  -160.71003411578209 -1.08144E-04  5.78106E-02 DIIS
     81  -160.70991655163166  1.17564E-04  4.61399E-02 DIIS
     82  -160.70999265687345 -7.61052E-05  4.65101E-02 DIIS
     83  -160.70991803051274  7.46264E-05  4.91888E-02 DIIS
     84  -160.70999262577280 -7.45953E-05  4.59115E-02 DIIS
     85  -160.70992123321699  7.13926E-05  4.24126E-02 DIIS
     86  -160.70998595167066 -6.47185E-05  4.36925E-02 DIIS
     87  -160.70991848624408  6.74654E-05  4.98969E-02 DIIS
     88  -160.71000420489202 -8.57186E-05  4.99138E-02 DIIS
     89  -160.70991271984133  9.14851E-05  4.35332E-02 DIIS
     90  -160.70999496374870 -8.22439E-05  4.46540E-02 DIIS
     91  -160.70993768511750  5.72786E-05  4.75659E-02 DIIS
     92  -160.70998575665882 -4.80715E-05  4.88074E-02 DIIS
     93  -160.70993310992051  5.26467E-05  5.58738E-02 DIIS
     94  -160.71001032559323 -7.72157E-05  5.20311E-02 DIIS
     95  -160.70990705149077  1.03274E-04  5.35511E-02 DIIS
     96  -160.71002317980415 -1.16128E-04  5.36897E-02 DIIS
     97  -160.70990856524452  1.14615E-04  3.92912E-02 DIIS
     98  -160.70997411665854 -6.55514E-05  4.31578E-02 DIIS
     99  -160.70992730966023  4.68070E-05  4.96779E-02 DIIS
    100  -160.70998403673784 -5.67271E-05  4.95921E-02 DIIS
