    -----------------------------------------------------------------------
          PSI4: An Open-Source Ab Initio Electronic Structure Package
                              PSI 4.0.0-alpha Driver
    T. D. Crawford, C. D. Sherrill, E. F. Valeev, J. T. Fermann, R. A. King,
    M. L. Leininger, S. T. Brown, C. L. Janssen, E. T. Seidl, J. P. Kenny,
    and W. D. Allen, J. Comput. Chem. 28, 1610-1616 (2007)

                         Additional Contributions by
    Francesco Evangelista, Andrew Simmonett, Justin Turney, Jeremiah Wilke
    -----------------------------------------------------------------------


    Using LocalCommunicator (Number of processes = 1)

    Memory level set to 256.000 MB

  ==> Input File <==

--------------------------------------------------------------------------
molecule {
0 1
Ne
symmetry c1
}

plugin_load("../../plugin_omega.so")

set globals {
  scf_type direct
  basis cc-pvdz
  ri_basis_scf cc-pvdz-ri
  reference uks
  dft_functional wB97
  dft_order_spherical 31 
  dft_n_radial 50
  omega_procedure ip
  d_converge 5
  e_converge 7
  #debug 3
}


energy('scf')
plugin("../../plugin_omega.so")
--------------------------------------------------------------------------
../../plugin_omega.so loaded.

*** tstart() called on ender
*** at Tue Aug  9 12:31:44 2011


         ---------------------------------------------------------
                                   SCF
            by Justin Turney, Rob Parrish, and Andy Simmonnett
                              UKS Reference
                        4 Threads,    256 MiB Core
         ---------------------------------------------------------

  ==> Geometry <==

    Molecular point group: c1

    Geometry (in Angstrom), charge = 0, multiplicity = 1:

       Center              X                  Y                   Z       
    ------------   -----------------  -----------------  -----------------
          NE          0.000000000000     0.000000000000     0.000000000000

    Number of unique atoms: 1

    Atoms equivalency:
       unique atom 0: 0 

  Running in c1 symmetry.

  Nuclear repulsion =    0.000000000000000

  Charge       = 0
  Multiplicity = 1
  Electrons    = 10
  Nalpha       = 5
  Nbeta        = 5

  ==> Algorithm <==

  SCF Algorithm Type is DIRECT.
  DIIS enabled.
  MOM disabled.
  Guess Type is CORE.
  Energy threshold   = 1.00e-07
  Density threshold  = 1.00e-05
  Integral threshold = 0.00e+00

  ==> Primary Basis: CC-PVDZ <==

  Basis Set
    Number of shells: 6
    Number of basis function: 14
    Number of Cartesian functions: 15
    Spherical Harmonics?: true
    Max angular momentum: 2

  Selected Functional is wB97.

  ==> Pre-Iterations <==

  Minimum eigenvalue in the overlap matrix is 1.9330486283E-01.
  Using Symmetric Orthogonalization.
  SCF Guess: Core (One-Electron) Hamiltonian.

  Initial UKS energy:   -97.51767738629302

   -------------------------------------------------------
    Irrep   Nso     Nmo     Nalpha   Nbeta   Ndocc  Nsocc
   -------------------------------------------------------
     A         14      14       5       5       5       0
   -------------------------------------------------------
    Total      14      14       5       5       5       0
   -------------------------------------------------------

  ==> Integral Setup <==

  Building Direct Integral Objects...

  ==> Iterations <==

                        Total Energy        Delta E     Density RMS

   @UKS iter   1:  -123.13051556047751   -2.56128e+01   0.00000e+00  
   @UKS iter   2:  -126.12427225965773   -2.99376e+00   1.87572e-01 DIIS
   @UKS iter   3:  -128.87364030419991   -2.74937e+00   6.70211e-02 DIIS
   @UKS iter   4:  -128.89038290456611   -1.67426e-02   6.04480e-03 DIIS
   @UKS iter   5:  -128.89047691215518   -9.40076e-05   3.92507e-04 DIIS
   @UKS iter   6:  -128.89047877133697   -1.85918e-06   5.44704e-05 DIIS
   @UKS iter   7:  -128.89047878970553   -1.83686e-08   4.60654e-06 DIIS

  ==> Post-Iterations <==

	Orbital Energies (a.u.)
	-----------------------

	Alpha Occupied:                                                       

	   1A    -30.729878     2A     -1.522903     3A     -0.642787  
	   4A     -0.642787     5A     -0.642787  

	Alpha Virtual:                                                        

	   6A      1.499951     7A      1.499951     8A      1.499951  
	   9A      1.943863    10A      4.826461    11A      4.826461  
	  12A      4.826461    13A      4.826461    14A      4.826461  

	Beta Occupied:                                                        

	   1A    -30.729878     2A     -1.522903     3A     -0.642787  
	   4A     -0.642787     5A     -0.642787  

	Beta Virtual:                                                         

	   6A      1.499951     7A      1.499951     8A      1.499951  
	   9A      1.943863    10A      4.826461    11A      4.826461  
	  12A      4.826461    13A      4.826461    14A      4.826461  

	Final Occupation by Irrep:
	          A 
	DOCC [     5 ]
	SOCC [     0 ]

  Energy converged.

  @UKS Final Energy:  -128.89047878970553

  ==> Properties <==

 OEPROP: One-electron properties/analyses.
  by Rob Parrish and Justin Turney.
  built on LIBMINTS.

 Dipole Moment: (a.u.)
     X:     0.0000      Y:    -0.0000      Z:    -0.0000     Total:     0.0000

 Dipole Moment: (Debye)
     X:     0.0000      Y:    -0.0000      Z:    -0.0000     Total:     0.0000


  @Spin Contamination Metric: -0.00000
  @S^2 Expected:               0.00000
  @S^2 Observed:              -0.00000

  Saving occupied orbitals to File 100.

*** tstop() called on ender at Tue Aug  9 12:31:47 2011
	user time   =       3.70 seconds =       0.06 minutes
	system time =       0.04 seconds =       0.00 minutes
	total time  =          3 seconds =       0.05 minutes
Calling plugin ../../plugin_omega.so.

*** tstart() called on ender
*** at Tue Aug  9 12:31:47 2011


         ---------------------------------------------------------
                          Optimized-Omega RC-KS
                            IP-Only Algorithm                
                               Rob Parrish
                        4 Threads,    256 MiB Core
         ---------------------------------------------------------

 ==> Functional <==

  wB97

 ==> Geometry <==

    Molecular point group: c1

    Geometry (in Angstrom), charge = 0, multiplicity = 1:

       Center              X                  Y                   Z       
    ------------   -----------------  -----------------  -----------------
          NE          0.000000000000     0.000000000000     0.000000000000

    Number of unique atoms: 1

    Atoms equivalency:
       unique atom 0: 0 

  Nuclear repulsion =    0.000000000000000

  Nalpha = 5
  Nbeta  = 5

  ==> Primary Basis <==

  Basis Set
    Number of shells: 6
    Number of basis function: 14
    Number of Cartesian functions: 15
    Spherical Harmonics?: true
    Max angular momentum: 2

  ==> Primary Basis <==

  Basis Set
    Number of shells: 18
    Number of basis function: 56
    Number of Cartesian functions: 66
    Spherical Harmonics?: true
    Max angular momentum: 3

  ==> Omega Guess: HOMO Size <== 

   HOMO <R>:          1.08673E+00
   Initial Omega^-1:  1.08673E+00
   Initial Omega:     9.20189E-01

  Canonical Orthogonalization: 14 of 14 functions retained, 0 projected

  ==> Burn-In Procedure <==

  *** Step    1: Burn-In Step ***

   => N SCF <=

   Iter               Energy      Delta E      Delta D Stat
      1  -128.93072560967818 -1.28931E+02  1.83248E-03 
      2  -128.93091455696617 -1.88947E-04  6.28893E-04 DIIS
      3  -128.93095735113647 -4.27942E-05  1.16925E-04 DIIS
      4  -128.93095789152954 -5.40393E-07  8.36707E-07 DIIS
      5  -128.93095788659869  4.93085E-09  2.76271E-10 DIIS

   => N-1 SCF <=

   Iter               Energy      Delta E      Delta D Stat
      1  -128.02749694147121 -1.28027E+02  3.97760E-02 
      2  -128.12541614231574 -9.79192E-02  1.14803E-02 DIIS
      3  -128.14068407210388 -1.52679E-02  5.45449E-04 DIIS
      4  -128.14074091735498 -5.68453E-05  5.93291E-05 DIIS
      5  -128.14074208500807 -1.16765E-06  6.52739E-06 DIIS
      6  -128.14074211410406 -2.90960E-08  1.26516E-06 DIIS

  ==> Omega Optimization Procedure <==

  *** Step    2: Bracketing Step ***

    Old Omega:     9.20188601E-01
    Old kIP:       7.89961273E-01
    Old IP:        7.90215772E-01
    Old Delta IP: -2.54499591E-04
    Multipler:     2.00000000E+00
    New Omega:     1.84037720E+00

   => N SCF <=

   Iter               Energy      Delta E      Delta D Stat
      1  -128.90358882247804  2.73691E-02  2.73960E-03 
      2  -128.90397111442942 -3.82292E-04  8.12126E-04 DIIS
      3  -128.90403955400521 -6.84396E-05  1.83927E-04 DIIS
      4  -128.90404170360571 -2.14960E-06  1.01968E-05 DIIS
      5  -128.90404168587679  1.77289E-08  3.80576E-08 DIIS

   => N-1 SCF <=

   Iter               Energy      Delta E      Delta D Stat
      1  -128.12059242760483  2.01497E-02  2.65031E-03 
      2  -128.12121821500170 -6.25787E-04  6.07945E-04 DIIS
      3  -128.12125666034831 -3.84453E-05  1.17160E-04 DIIS
      4  -128.12125786075813 -1.20041E-06  7.62692E-06 DIIS
      5  -128.12125786653525 -5.77711E-09  2.39967E-07 DIIS

  *** Step Results ***

    Omega:     1.84037720E+00
    kIP:       8.58875720E-01
    IP:        7.82783819E-01
    Delta IP:  7.60919007E-02

  *** Omega Bracketed ***

  *** Step    3: Regula Falsi 3 Step ***

    New Omega:     9.23256036E-01

   => N SCF <=

   Iter               Energy      Delta E      Delta D Stat
      1  -128.93102882335043 -2.69871E-02  2.42575E-05 
      2  -128.93102891656761 -9.32172E-08  2.17667E-05 DIIS
      3  -128.93102881603531  1.00532E-07  6.03365E-06 DIIS
      4  -128.93102879695803  1.90773E-08  3.34697E-07 DIIS

   => N-1 SCF <=

   Iter               Energy      Delta E      Delta D Stat
      1  -128.14080899472592 -1.95511E-02  5.70117E-06 
      2  -128.14080899895029 -4.22438E-09  2.56557E-06 DIIS

  *** Step Results ***

    Omega:     9.23256036E-01
    kIP:       7.90462654E-01
    IP:        7.90219798E-01
    Delta IP:  2.42856123E-04

  *** Step    4: Regula Falsi 3 Step ***

    New Omega:     9.21758224E-01

   => N SCF <=

   Iter               Energy      Delta E      Delta D Stat
      1  -128.93099444420290  3.43528E-05  2.80082E-05 
      2  -128.93099456803151 -1.23829E-07  2.50119E-05 DIIS
      3  -128.93099445735496  1.10677E-07  5.05251E-06 DIIS
      4  -128.93099444637522  1.09797E-08  2.59488E-07 DIIS

   => N-1 SCF <=

   Iter               Energy      Delta E      Delta D Stat
      1  -128.14077654576010  3.24532E-05  4.42358E-06 
      2  -128.14077655375726 -7.99716E-09  5.68701E-06 DIIS

  *** Step Results ***

    Omega:     9.21758224E-01
    kIP:       7.90218247E-01
    IP:        7.90217893E-01
    Delta IP:  3.54677001E-07

  *** Step    5: Regula Falsi 3 Step ***

    New Omega:     9.21753861E-01

   => N SCF <=

   Iter               Energy      Delta E      Delta D Stat
      1  -128.93099434342508  1.02950E-07  2.79973E-05 
      2  -128.93099446720916 -1.23784E-07  2.50096E-05 DIIS
      3  -128.93099435653212  1.10677E-07  5.05354E-06 DIIS
      4  -128.93099434554861  1.09835E-08  2.58019E-07 DIIS

   => N-1 SCF <=

   Iter               Energy      Delta E      Delta D Stat
      1  -128.14077644777197  1.05985E-07  5.88542E-06 
      2  -128.14077645953756 -1.17656E-08  6.24594E-06 DIIS

  *** Step Results ***

    Omega:     9.21753861E-01
    kIP:       7.90217534E-01
    IP:        7.90217886E-01
    Delta IP: -3.51605565E-07

  ==> Final Convergence Procedure <==

   => N SCF <=

   Iter               Energy      Delta E      Delta D Stat
      1  -128.93099434342523  2.12339E-09  2.79972E-05 
      2  -128.93099446720936 -1.23784E-07  2.50096E-05 DIIS
      3  -128.93099435653204  1.10677E-07  5.05354E-06 DIIS
      4  -128.93099434554850  1.09835E-08  2.58013E-07 DIIS

   UKS N Orbital Energies [a.u.]:

	Alpha Occupied:                                                       

	   1A    -30.988251     2A     -1.754389     3A     -0.790218  
	   4A     -0.790218     5A     -0.790218  

	Alpha Virtual:                                                        

	   6A      1.587388     7A      1.587388     8A      1.587388  
	   9A      2.060971    10A      4.997222    11A      4.997222  
	  12A      4.997222    13A      4.997222    14A      4.997222  

	Beta Occupied:                                                        

	   1A    -30.988251     2A     -1.754389     3A     -0.790218  
	   4A     -0.790218     5A     -0.790218  

	Beta Virtual:                                                         

	   6A      1.587388     7A      1.587388     8A      1.587388  
	   9A      2.060971    10A      4.997222    11A      4.997222  
	  12A      4.997222    13A      4.997222    14A      4.997222  

  @UKS N Final energy:    -128.9309943455484984

   => N-1 SCF <=

   Iter               Energy      Delta E      Delta D Stat
      1  -128.14077644771891  1.18187E-08  6.14795E-06 

   UKS N-1 Orbital Energies [a.u.]:

	Alpha Occupied:                                                       

	   1A    -31.877379     2A     -2.549772     3A     -1.658779  
	   4A     -1.549300     5A     -1.549300  

	Alpha Virtual:                                                        

	   6A      0.930216     7A      0.976234     8A      0.976234  
	   9A      1.400681    10A      4.143112    11A      4.168726  
	  12A      4.168726    13A      4.252715    14A      4.252715  

	Beta Occupied:                                                        

	   1A    -31.854386     2A     -2.414915     3A     -1.505129  
	   4A     -1.505128  

	Beta Virtual:                                                         

	   5A     -0.782342     6A      0.990914     7A      0.990915  
	   8A      1.029778     9A      1.433471    10A      4.279262  
	  11A      4.279262    12A      4.305433    13A      4.305435  
	  14A      4.327543  

  @UKS N-1 Final energy:    -128.1407764477189062

  *** Omega Optimization Profile ***

  Iter        Omega          kIP           IP     Delta IP Step Type
     1  9.20189E-01  7.89961E-01  7.90216E-01 -2.54500E-04 Initial Guess
     2  1.84038E+00  8.58876E-01  7.82784E-01  7.60919E-02 Bracket Step
     3  9.23256E-01  7.90463E-01  7.90220E-01  2.42856E-04 Regula-Falsi3 Step
     4  9.21758E-01  7.90218E-01  7.90218E-01  3.54677E-07 Regula-Falsi3 Step
     5  9.21754E-01  7.90218E-01  7.90218E-01 -3.51606E-07 Regula-Falsi3 Step


*** tstop() called on ender at Tue Aug  9 12:32:15 2011
	user time   =      33.57 seconds =       0.56 minutes
	system time =       0.08 seconds =       0.00 minutes
	total time  =         28 seconds =       0.47 minutes

*** PSI4 exiting successfully, buy a developer a beer!
