    -----------------------------------------------------------------------
          PSI4: An Open-Source Ab Initio Electronic Structure Package
                              PSI 4.0.0-alpha Driver
    T. D. Crawford, C. D. Sherrill, E. F. Valeev, J. T. Fermann, R. A. King,
    M. L. Leininger, S. T. Brown, C. L. Janssen, E. T. Seidl, J. P. Kenny,
    and W. D. Allen, J. Comput. Chem. 28, 1610-1616 (2007)

                         Additional Contributions by
    Francesco Evangelista, Andrew Simmonett, Justin Turney, Jeremiah Wilke
    -----------------------------------------------------------------------


    Using LocalCommunicator (Number of processes = 1)

    Memory level set to 256.000 MB

  ==> Input File <==

--------------------------------------------------------------------------
molecule {
0 3
O
symmetry c1
}

plugin_load("../../plugin_omega.so")

set globals {
  scf_type direct
  basis cc-pvdz
  ri_basis_scf cc-pvdz-ri
  reference uks
  dft_functional wB97
  dft_order_spherical 31 
  dft_n_radial 50
  omega_procedure ip
  d_converge 5
  e_converge 7
  #debug 3
}


energy('scf')
plugin("../../plugin_omega.so")
--------------------------------------------------------------------------
../../plugin_omega.so loaded.

*** tstart() called on ender
*** at Tue Aug  9 12:28:40 2011


         ---------------------------------------------------------
                                   SCF
            by Justin Turney, Rob Parrish, and Andy Simmonnett
                              UKS Reference
                        4 Threads,    256 MiB Core
         ---------------------------------------------------------

  ==> Geometry <==

    Molecular point group: c1

    Geometry (in Angstrom), charge = 0, multiplicity = 3:

       Center              X                  Y                   Z       
    ------------   -----------------  -----------------  -----------------
           O          0.000000000000     0.000000000000     0.000000000000

    Number of unique atoms: 1

    Atoms equivalency:
       unique atom 0: 0 

  Running in c1 symmetry.

  Nuclear repulsion =    0.000000000000000

  Charge       = 0
  Multiplicity = 3
  Electrons    = 8
  Nalpha       = 5
  Nbeta        = 3

  ==> Algorithm <==

  SCF Algorithm Type is DIRECT.
  DIIS enabled.
  MOM disabled.
  Guess Type is CORE.
  Energy threshold   = 1.00e-07
  Density threshold  = 1.00e-05
  Integral threshold = 0.00e+00

  ==> Primary Basis: CC-PVDZ <==

  Basis Set
    Number of shells: 6
    Number of basis function: 14
    Number of Cartesian functions: 15
    Spherical Harmonics?: true
    Max angular momentum: 2

  Selected Functional is wB97.

  ==> Pre-Iterations <==

  Minimum eigenvalue in the overlap matrix is 1.8857646190E-01.
  Using Symmetric Orthogonalization.
  SCF Guess: Core (One-Electron) Hamiltonian.

  Initial UKS energy:   -54.60547045252995

   -------------------------------------------------------
    Irrep   Nso     Nmo     Nalpha   Nbeta   Ndocc  Nsocc
   -------------------------------------------------------
     A         14      14       5       3       3       2
   -------------------------------------------------------
    Total      14      14       5       3       3       2
   -------------------------------------------------------

  ==> Integral Setup <==

  Building Direct Integral Objects...

  ==> Iterations <==

                        Total Energy        Delta E     Density RMS

   @UKS iter   1:   -72.38223502876652   -1.77768e+01   0.00000e+00  
   @UKS iter   2:   -74.49373361772290   -2.11150e+00   1.45867e-01 DIIS
   @UKS iter   3:   -75.05545812305813   -5.61725e-01   3.81725e-02 DIIS
   @UKS iter   4:   -75.05736459857678   -1.90648e-03   2.50048e-03 DIIS
   @UKS iter   5:   -75.05742478253336   -6.01840e-05   4.67365e-04 DIIS
   @UKS iter   6:   -75.05742554375497   -7.61222e-07   2.67601e-05 DIIS
   @UKS iter   7:   -75.05742556882601   -2.50710e-08   8.52916e-06 DIIS

  ==> Post-Iterations <==

	Orbital Energies (a.u.)
	-----------------------

	Alpha Occupied:                                                       

	   1A    -19.126310     2A     -1.126767     3A     -0.557242  
	   4A     -0.557242     5A     -0.486152  

	Alpha Virtual:                                                        

	   6A      0.964649     7A      0.964649     8A      0.998399  
	   9A      1.203900    10A      2.553382    11A      2.553382  
	  12A      2.611120    13A      2.611120    14A      2.632628  

	Beta Occupied:                                                        

	   1A    -19.104221     2A     -0.968440     3A     -0.429338  

	Beta Virtual:                                                         

	   4A     -0.030782     5A     -0.030770     6A      1.025450  
	   7A      1.055163     8A      1.055188     9A      1.264291  
	  10A      2.719229    11A      2.719237    12A      2.723743  
	  13A      2.745008    14A      2.745009  

	Final Occupation by Irrep:
	          A 
	DOCC [     3 ]
	SOCC [     2 ]

  Energy converged.

  @UKS Final Energy:   -75.05742556882601

  ==> Properties <==

 OEPROP: One-electron properties/analyses.
  by Rob Parrish and Justin Turney.
  built on LIBMINTS.

 Dipole Moment: (a.u.)
     X:    -0.0000      Y:     0.0000      Z:     0.0000     Total:     0.0000

 Dipole Moment: (Debye)
     X:    -0.0000      Y:     0.0000      Z:     0.0000     Total:     0.0000


  @Spin Contamination Metric:  0.00324
  @S^2 Expected:               2.00000
  @S^2 Observed:               2.00324

  Saving occupied orbitals to File 100.

*** tstop() called on ender at Tue Aug  9 12:28:45 2011
	user time   =       4.60 seconds =       0.08 minutes
	system time =       0.05 seconds =       0.00 minutes
	total time  =          5 seconds =       0.08 minutes
Calling plugin ../../plugin_omega.so.

*** tstart() called on ender
*** at Tue Aug  9 12:28:45 2011


         ---------------------------------------------------------
                          Optimized-Omega RC-KS
                            IP-Only Algorithm                
                               Rob Parrish
                        4 Threads,    256 MiB Core
         ---------------------------------------------------------

 ==> Functional <==

  wB97

 ==> Geometry <==

    Molecular point group: c1

    Geometry (in Angstrom), charge = 0, multiplicity = 3:

       Center              X                  Y                   Z       
    ------------   -----------------  -----------------  -----------------
           O          0.000000000000     0.000000000000     0.000000000000

    Number of unique atoms: 1

    Atoms equivalency:
       unique atom 0: 0 

  Nuclear repulsion =    0.000000000000000

  Nalpha = 5
  Nbeta  = 3

  ==> Primary Basis <==

  Basis Set
    Number of shells: 6
    Number of basis function: 14
    Number of Cartesian functions: 15
    Spherical Harmonics?: true
    Max angular momentum: 2

  ==> Primary Basis <==

  Basis Set
    Number of shells: 18
    Number of basis function: 56
    Number of Cartesian functions: 66
    Spherical Harmonics?: true
    Max angular momentum: 3

  ==> Omega Guess: HOMO Size <== 

   HOMO <R>:          1.42944E+00
   Initial Omega^-1:  1.42944E+00
   Initial Omega:     6.99575E-01

  Canonical Orthogonalization: 14 of 14 functions retained, 0 projected

  ==> Burn-In Procedure <==

  *** Step    1: Burn-In Step ***

   => N SCF <=

   Iter               Energy      Delta E      Delta D Stat
      1   -75.06077729494864 -7.50608E+01  1.20112E-03 
      2   -75.06090295936860 -1.25664E-04  4.42007E-04 DIIS
      3   -75.06091271379630 -9.75443E-06  7.35180E-05 DIIS
      4   -75.06091323332684 -5.19531E-07  6.34406E-06 DIIS
      5   -75.06091323399306 -6.66219E-10  3.15639E-07 DIIS

   => N-1 SCF <=

   Iter               Energy      Delta E      Delta D Stat
      1   -74.40670059090147 -7.44067E+01  3.24073E-02 
      2   -74.48307515533740 -7.63746E-02  5.39495E-03 DIIS
      3   -74.48515330951641 -2.07815E-03  6.94552E-04 DIIS
      4   -74.48519259410389 -3.92846E-05  8.69203E-05 DIIS
      5   -74.48519340421421 -8.10110E-07  1.48490E-05 DIIS
      6   -74.48519342438871 -2.01745E-08  9.11592E-07 DIIS

  ==> Omega Optimization Procedure <==

  *** Step    2: Bracketing Step ***

    Old Omega:     6.99575438E-01
    Old kIP:       5.01895875E-01
    Old IP:        5.75719810E-01
    Old Delta IP: -7.38239343E-02
    Multipler:     2.00000000E+00
    New Omega:     1.39915088E+00

   => N SCF <=

   Iter               Energy      Delta E      Delta D Stat
      1   -75.03687875123811  2.40345E-02  2.31621E-03 
      2   -75.03726233507095 -3.83584E-04  5.06826E-04 DIIS
      3   -75.03728492547515 -2.25904E-05  1.10327E-04 DIIS
      4   -75.03728632592491 -1.40045E-06  1.66744E-05 DIIS
      5   -75.03728636764058 -4.17157E-08  2.64657E-06 DIIS

   => N-1 SCF <=

   Iter               Energy      Delta E      Delta D Stat
      1   -74.46566103182626  1.95324E-02  1.96779E-03 
      2   -74.46624149513309 -5.80463E-04  1.73949E-04 DIIS
      3   -74.46625487217101 -1.33770E-05  2.32058E-05 DIIS
      4   -74.46625509019671 -2.18026E-07  4.12626E-06 DIIS
      5   -74.46625509138779 -1.19108E-09  7.94712E-08 DIIS

  *** Step Results ***

    Omega:     1.39915088E+00
    kIP:       5.48979917E-01
    IP:        5.71031276E-01
    Delta IP: -2.20513594E-02

  *** Step    3: Bracketing Step ***

    Old Omega:     1.39915088E+00
    Old kIP:       5.48979917E-01
    Old IP:        5.71031276E-01
    Old Delta IP: -2.20513594E-02
    Multipler:     2.00000000E+00
    New Omega:     2.79830175E+00

   => N SCF <=

   Iter               Energy      Delta E      Delta D Stat
      1   -75.05143174434782 -1.41454E-02  9.56193E-04 
      2   -75.05154300958525 -1.11265E-04  3.05950E-04 DIIS
      3   -75.05154803797183 -5.02839E-06  5.15205E-05 DIIS
      4   -75.05154830948450 -2.71513E-07  1.24714E-05 DIIS
      5   -75.05154832339966 -1.39152E-08  2.54899E-06 DIIS

   => N-1 SCF <=

   Iter               Energy      Delta E      Delta D Stat
      1   -74.48533900422099 -1.90839E-02  4.39828E-04 
      2   -74.48541576070436 -7.67565E-05  9.78314E-05 DIIS
      3   -74.48541786116355 -2.10046E-06  1.36110E-05 DIIS
      4   -74.48541789388095 -3.27174E-08  1.12851E-06 DIIS

  *** Step Results ***

    Omega:     2.79830175E+00
    kIP:       5.57178414E-01
    IP:        5.66130430E-01
    Delta IP: -8.95201517E-03

  *** Step    4: Bracketing Step ***

    Old Omega:     2.79830175E+00
    Old kIP:       5.57178414E-01
    Old IP:        5.66130430E-01
    Old Delta IP: -8.95201517E-03
    Multipler:     2.00000000E+00
    New Omega:     5.59660350E+00

   => N SCF <=

   Iter               Energy      Delta E      Delta D Stat
      1   -75.09400175045803 -4.24534E-02  1.06338E-03 
      2   -75.09417542332574 -1.73673E-04  2.01660E-04 DIIS
      3   -75.09417763266080 -2.20934E-06  3.67922E-05 DIIS
      4   -75.09417774995504 -1.17294E-07  1.11241E-05 DIIS
      5   -75.09417775824963 -8.29459E-09  1.72450E-06 DIIS

   => N-1 SCF <=

   Iter               Energy      Delta E      Delta D Stat
      1   -74.52887449454197 -4.34566E-02  9.12918E-04 
      2   -74.52902486389637 -1.50369E-04  1.38689E-04 DIIS
      3   -74.52902642644840 -1.56255E-06  3.84255E-05 DIIS
      4   -74.52902649428103 -6.78326E-08  7.99990E-07 DIIS

  *** Step Results ***

    Omega:     5.59660350E+00
    kIP:       5.57476591E-01
    IP:        5.65151264E-01
    Delta IP: -7.67467271E-03

  *** Step    5: Bracketing Step ***

    Old Omega:     5.59660350E+00
    Old kIP:       5.57476591E-01
    Old IP:        5.65151264E-01
    Old Delta IP: -7.67467271E-03
    Multipler:     2.00000000E+00
    New Omega:     1.11932070E+01

   => N SCF <=

   Iter               Energy      Delta E      Delta D Stat
      1   -75.06611513453385  2.80626E-02  4.57941E-04 
      2   -75.06614439694849 -2.92624E-05  6.72975E-05 DIIS
      3   -75.06614475922584 -3.62277E-07  1.98480E-05 DIIS
      4   -75.06614477943018 -2.02043E-08  3.56152E-06 DIIS

   => N-1 SCF <=

   Iter               Energy      Delta E      Delta D Stat
      1   -74.50102383272768  2.80027E-02  4.22321E-04 
      2   -74.50105070592360 -2.68732E-05  5.47038E-05 DIIS
      3   -74.50105099489546 -2.88972E-07  1.63310E-05 DIIS
      4   -74.50105100840602 -1.35106E-08  6.34512E-07 DIIS

  *** Step Results ***

    Omega:     1.11932070E+01
    kIP:       5.57288164E-01
    IP:        5.65093771E-01
    Delta IP: -7.80560740E-03

  *** Step    6: Bracketing Step ***

    Old Omega:     1.11932070E+01
    Old kIP:       5.57288164E-01
    Old IP:        5.65093771E-01
    Old Delta IP: -7.80560740E-03
    Multipler:     2.00000000E+00
    New Omega:     2.23864140E+01

   => N SCF <=

   Iter               Energy      Delta E      Delta D Stat
      1   -75.03817481235761  2.79700E-02  1.87308E-05 
      2   -75.03817484387244 -3.15148E-08  5.40408E-06 DIIS

   => N-1 SCF <=

   Iter               Energy      Delta E      Delta D Stat
      1   -74.47292052590028  2.81305E-02  1.39336E-05 
      2   -74.47292054589036 -1.99901E-08  2.80304E-06 DIIS

  *** Step Results ***

    Omega:     2.23864140E+01
    kIP:       5.57368709E-01
    IP:        5.65254298E-01
    Delta IP: -7.88558881E-03

  *** Step    7: Bracketing Step ***

    Old Omega:     2.23864140E+01
    Old kIP:       5.57368709E-01
    Old IP:        5.65254298E-01
    Old Delta IP: -7.88558881E-03
    Multipler:     2.00000000E+00
    New Omega:     4.47728280E+01

   => N SCF <=

   Iter               Energy      Delta E      Delta D Stat
      1   -75.02876138377606  9.41346E-03  3.08272E-05 
      2   -75.02876147918114 -9.54051E-08  5.62684E-06 DIIS

   => N-1 SCF <=

   Iter               Energy      Delta E      Delta D Stat
      1   -74.46343412442562  9.48642E-03  2.76993E-05 
      2   -74.46343420608918 -8.16636E-08  3.94732E-06 DIIS

  *** Step Results ***

    Omega:     4.47728280E+01
    kIP:       5.57436166E-01
    IP:        5.65327273E-01
    Delta IP: -7.89110693E-03

  *** Step    8: Bracketing Step ***

    Old Omega:     4.47728280E+01
    Old kIP:       5.57436166E-01
    Old IP:        5.65327273E-01
    Old Delta IP: -7.89110693E-03
    Multipler:     2.00000000E+00
    New Omega:     8.95456560E+01

   => N SCF <=

   Iter               Energy      Delta E      Delta D Stat
      1   -75.02625275145445  2.50873E-03  1.12657E-05 
      2   -75.02625277161438 -2.01599E-08  2.08245E-06 DIIS

   => N-1 SCF <=

   Iter               Energy      Delta E      Delta D Stat
      1   -74.46090440240876  2.52980E-03  9.85795E-06 
      2   -74.46090440633192 -3.92316E-09  1.49215E-06 DIIS

  *** Step Results ***

    Omega:     8.95456560E+01
    kIP:       5.57450757E-01
    IP:        5.65348365E-01
    Delta IP: -7.89760874E-03

  *** Step    9: Bracketing Step ***

    Old Omega:     8.95456560E+01
    Old kIP:       5.57450757E-01
    Old IP:        5.65348365E-01
    Old Delta IP: -7.89760874E-03
    Multipler:     2.00000000E+00
    New Omega:     1.79091312E+02

   => N SCF <=

   Iter               Energy      Delta E      Delta D Stat
      1   -75.02561581945643  6.36952E-04  3.15596E-06 
      2   -75.02561581058042  8.87601E-09  6.57578E-07 DIIS

   => N-1 SCF <=

   Iter               Energy      Delta E      Delta D Stat
      1   -74.46026221667333  6.42190E-04  2.70281E-06 
      2   -74.46026214510823  7.15651E-08  4.18542E-07 DIIS

  *** Step Results ***

    Omega:     1.79091312E+02
    kIP:       5.57453709E-01
    IP:        5.65353665E-01
    Delta IP: -7.89995680E-03

  *** Step   10: Bracketing Step ***

    Old Omega:     1.79091312E+02
    Old kIP:       5.57453709E-01
    Old IP:        5.65353665E-01
    Old Delta IP: -7.89995680E-03
    Multipler:     2.00000000E+00
    New Omega:     3.58182624E+02

   => N SCF <=

   Iter               Energy      Delta E      Delta D Stat
      1   -75.02542651593008  1.89295E-04  1.36031E-06 
      2   -75.02542638253610  1.33394E-07  8.08167E-07 DIIS
      3   -75.02542662337575 -2.40840E-07  7.43700E-07 DIIS
      4   -75.02542594221374  6.81162E-07  2.57432E-07 DIIS
      5   -75.02542712334149 -1.18113E-06  3.15104E-07 DIIS
      6   -75.02542766603607 -5.42695E-07  2.98186E-07 DIIS
      7   -75.02542749955374  1.66482E-07  4.94920E-07 DIIS
      8   -75.02542653915965  9.60394E-07  2.91920E-07 DIIS
      9   -75.02542704819186 -5.09032E-07  1.81524E-07 DIIS
     10   -75.02542568471486  1.36348E-06  4.58823E-08 DIIS
     11   -75.02542611020750 -4.25493E-07  1.59809E-07 DIIS
     12   -75.02542766309442 -1.55289E-06  2.11149E-07 DIIS
     13   -75.02542782328248 -1.60188E-07  1.11454E-07 DIIS
     14   -75.02542674227401  1.08101E-06  1.54834E-07 DIIS
     15   -75.02542791897312 -1.17670E-06  1.47027E-07 DIIS
     16   -75.02542664721229  1.27176E-06  6.12581E-08 DIIS
     17   -75.02542601123953  6.35973E-07  1.81281E-07 DIIS
     18   -75.02542611602516 -1.04786E-07  3.18077E-07 DIIS
     19   -75.02542718096927 -1.06494E-06  3.08153E-07 DIIS
     20   -75.02542591904789  1.26192E-06  1.86205E-07 DIIS
     21   -75.02542616744418 -2.48396E-07  1.50877E-07 DIIS
     22   -75.02542645750681 -2.90063E-07  2.82675E-07 DIIS
     23   -75.02542663519917 -1.77692E-07  2.01741E-08 DIIS
     24   -75.02542631207406  3.23125E-07  6.54791E-08 DIIS
     25   -75.02542748409030 -1.17202E-06  1.39402E-07 DIIS
     26   -75.02542620081032  1.28328E-06  2.28466E-07 DIIS
     27   -75.02542536697943  8.33831E-07  5.84888E-08 DIIS
     28   -75.02542669336994 -1.32639E-06  1.05544E-07 DIIS
     29   -75.02542661498053  7.83894E-08  1.06157E-07 DIIS

   => N-1 SCF <=

   Iter               Energy      Delta E      Delta D Stat
      1   -74.46010754121042  1.54604E-04  1.74427E-06 
      2   -74.46010810513077 -5.63920E-07  1.27347E-06 DIIS
      3   -74.46010668760346  1.41753E-06  9.34660E-07 DIIS
      4   -74.46010751192880 -8.24325E-07  4.57598E-07 DIIS
      5   -74.46010668739790  8.24531E-07  2.81878E-07 DIIS
      6   -74.46010777946233 -1.09206E-06  2.79408E-07 DIIS
      7   -74.46010570716474  2.07230E-06  3.16690E-07 DIIS
      8   -74.46010706151598 -1.35435E-06  1.33966E-07 DIIS
      9   -74.46010664371492  4.17801E-07  1.76072E-07 DIIS
     10   -74.46010774460663 -1.10089E-06  1.27828E-07 DIIS
     11   -74.46010620231552  1.54229E-06  6.20795E-07 DIIS
     12   -74.46010702580328 -8.23488E-07  4.43603E-07 DIIS
     13   -74.46010899446674 -1.96866E-06  5.30080E-07 DIIS
     14   -74.46010816443959  8.30027E-07  2.73850E-07 DIIS
     15   -74.46010748993616  6.74503E-07  2.30056E-07 DIIS
     16   -74.46010860267651 -1.11274E-06  1.00730E-07 DIIS
     17   -74.46010794436833  6.58308E-07  7.79708E-08 DIIS
     18   -74.46010852254976 -5.78181E-07  2.18576E-07 DIIS
     19   -74.46010806226843  4.60281E-07  7.22796E-08 DIIS
     20   -74.46010736482906  6.97439E-07  5.06871E-08 DIIS
     21   -74.46010708906348  2.75766E-07  9.30307E-08 DIIS
     22   -74.46010745991829 -3.70855E-07  1.32530E-07 DIIS
     23   -74.46010765503223 -1.95114E-07  1.12738E-07 DIIS
     24   -74.46010799546283 -3.40431E-07  8.17664E-08 DIIS
     25   -74.46010686539920  1.13006E-06  1.47060E-07 DIIS
     26   -74.46010720283779 -3.37439E-07  8.19682E-08 DIIS
     27   -74.46010732546416 -1.22626E-07  8.11767E-08 DIIS
     28   -74.46010757704522 -2.51581E-07  8.94243E-08 DIIS
     29   -74.46010772495845 -1.47913E-07  3.34121E-08 DIIS
     30   -74.46010688829693  8.36662E-07  5.69008E-08 DIIS
     31   -74.46010728741936 -3.99122E-07  8.12268E-08 DIIS
     32   -74.46010735188675 -6.44674E-08  5.20211E-08 DIIS

  *** Step Results ***

    Omega:     3.58182624E+02
    kIP:       5.57451952E-01
    IP:        5.65319263E-01
    Delta IP: -7.86731122E-03

  *** Step   11: Bracketing Step ***

    Old Omega:     3.58182624E+02
    Old kIP:       5.57451952E-01
    Old IP:        5.65319263E-01
    Old Delta IP: -7.86731122E-03
    Multipler:     2.00000000E+00
    New Omega:     7.16365248E+02

   => N SCF <=

   Iter               Energy      Delta E      Delta D Stat
      1   -75.02557049353287 -1.43879E-04  1.66828E-05 
      2   -75.02557647757476 -5.98404E-06  1.05962E-05 DIIS
      3   -75.02557383037248  2.64720E-06  5.82139E-06 DIIS
      4   -75.02558134942565 -7.51905E-06  3.62039E-06 DIIS
      5   -75.02558400848797 -2.65906E-06  4.69198E-06 DIIS
      6   -75.02559249541208 -8.48692E-06  1.96635E-06 DIIS
      7   -75.02560639063181 -1.38952E-05  1.81084E-06 DIIS
      8   -75.02561609781375 -9.70718E-06  4.68265E-09 DIIS
      9   -75.02559988550559  1.62123E-05  4.43535E-07 DIIS
     10   -75.02557996321816  1.99223E-05  6.96909E-06 DIIS
     11   -75.02556204805802  1.79152E-05  3.91152E-06 DIIS
     12   -75.02555544551940  6.60254E-06  1.38738E-06 DIIS
     13   -75.02554288395001  1.25616E-05  2.04256E-06 DIIS
     14   -75.02555845677730 -1.55728E-05  3.82063E-06 DIIS
     15   -75.02556428042411 -5.82365E-06  2.48160E-06 DIIS
     16   -75.02559570598771 -3.14256E-05  3.69724E-06 DIIS
     17   -75.02557541159835  2.02944E-05  3.38525E-07 DIIS
     18   -75.02557681639298 -1.40479E-06  4.09595E-07 DIIS
     19   -75.02557837430575 -1.55791E-06  1.47970E-06 DIIS
     20   -75.02558522233471 -6.84803E-06  7.08347E-07 DIIS
     21   -75.02556710199404  1.81203E-05  4.90502E-07 DIIS
     22   -75.02557204232666 -4.94033E-06  9.53886E-06 DIIS
     23   -75.02556677782444  5.26450E-06  2.56663E-06 DIIS
     24   -75.02556848091139 -1.70309E-06  2.46482E-06 DIIS
     25   -75.02555804607437  1.04348E-05  1.61228E-06 DIIS
     26   -75.02558106020568 -2.30141E-05  2.99795E-06 DIIS
     27   -75.02555960585383  2.14544E-05  1.21436E-06 DIIS
     28   -75.02557522676085 -1.56209E-05  2.30519E-06 DIIS
     29   -75.02555781304075  1.74137E-05  1.25223E-06 DIIS
     30   -75.02556560943778 -7.79640E-06  7.72689E-07 DIIS
     31   -75.02556847915793 -2.86972E-06  1.10613E-06 DIIS
     32   -75.02557651252972 -8.03337E-06  1.82427E-06 DIIS
     33   -75.02556136916266  1.51434E-05  6.25577E-06 DIIS
     34   -75.02561011641318 -4.87473E-05  3.19831E-06 DIIS
     35   -75.02560735479578  2.76162E-06  2.94498E-06 DIIS
     36   -75.02558146165761  2.58931E-05  2.74590E-06 DIIS
     37   -75.02555831592183  2.31457E-05  4.03783E-06 DIIS
     38   -75.02560910530671 -5.07894E-05  2.77183E-06 DIIS
     39   -75.02560776282736  1.34248E-06  4.04889E-06 DIIS
     40   -75.02561155359480 -3.79077E-06  3.60157E-06 DIIS
     41   -75.02558724861900  2.43050E-05  1.88624E-06 DIIS
     42   -75.02561336047542 -2.61119E-05  3.43646E-06 DIIS
     43   -75.02557768028562  3.56802E-05  4.34805E-06 DIIS
     44   -75.02557644303442  1.23725E-06  4.20065E-06 DIIS
     45   -75.02560187835022 -2.54353E-05  2.19538E-06 DIIS
     46   -75.02557212714632  2.97512E-05  2.49737E-06 DIIS
     47   -75.02558648144817 -1.43543E-05  1.82268E-06 DIIS
     48   -75.02561738725547 -3.09058E-05  1.95882E-06 DIIS
     49   -75.02559380190898  2.35853E-05  8.25052E-07 DIIS
     50   -75.02562555446474 -3.17526E-05  4.44981E-06 DIIS
     51   -75.02556539731293  6.01572E-05  3.49239E-06 DIIS
     52   -75.02557580248568 -1.04052E-05  2.84630E-06 DIIS
     53   -75.02559397524793 -1.81728E-05  1.94651E-06 DIIS
     54   -75.02562296934559 -2.89941E-05  1.74174E-06 DIIS
     55   -75.02561312443410  9.84491E-06  3.30162E-06 DIIS
     56   -75.02560688613717  6.23830E-06  3.03446E-06 DIIS
     57   -75.02560613868289  7.47454E-07  1.73634E-06 DIIS
     58   -75.02558528742831  2.08513E-05  1.82510E-06 DIIS
     59   -75.02559683823920 -1.15508E-05  1.22817E-06 DIIS
     60   -75.02560190870018 -5.07046E-06  1.26168E-06 DIIS
     61   -75.02561481726406 -1.29086E-05  3.78528E-06 DIIS
     62   -75.02559219080460  2.26265E-05  2.97811E-06 DIIS
     63   -75.02562937328499 -3.71825E-05  2.49970E-06 DIIS
     64   -75.02559340866335  3.59646E-05  4.62114E-06 DIIS
     65   -75.02560064373003 -7.23507E-06  6.59809E-06 DIIS
     66   -75.02559431916528  6.32456E-06  4.44839E-06 DIIS
     67   -75.02562973694860 -3.54178E-05  4.31324E-06 DIIS
     68   -75.02560834374655  2.13932E-05  4.01611E-06 DIIS
     69   -75.02560556051338  2.78323E-06  2.74322E-06 DIIS
     70   -75.02557460020063  3.09603E-05  1.55110E-06 DIIS
     71   -75.02563465396385 -6.00538E-05  1.47646E-06 DIIS
     72   -75.02563400049998  6.53464E-07  3.30534E-06 DIIS
     73   -75.02558465679142  4.93437E-05  4.89890E-06 DIIS
     74   -75.02561982255854 -3.51658E-05  4.18361E-06 DIIS
     75   -75.02562518777631 -5.36522E-06  1.89541E-06 DIIS
     76   -75.02562188906279  3.29871E-06  2.14850E-06 DIIS
     77   -75.02560232637751  1.95627E-05  3.26413E-06 DIIS
     78   -75.02561684383573 -1.45175E-05  3.66997E-06 DIIS
     79   -75.02562617375504 -9.32992E-06  3.93761E-06 DIIS
     80   -75.02564347812374 -1.73044E-05  7.67569E-06 DIIS
     81   -75.02560809050236  3.53876E-05  1.37294E-06 DIIS
     82   -75.02558625937560  2.18311E-05  2.15666E-06 DIIS
     83   -75.02560851518558 -2.22558E-05  5.51120E-07 DIIS
     84   -75.02560379858451  4.71660E-06  6.66882E-07 DIIS
     85   -75.02559399848693  9.80010E-06  1.23554E-06 DIIS
     86   -75.02561480095085 -2.08025E-05  3.17364E-06 DIIS
     87   -75.02561334548929  1.45546E-06  2.84068E-06 DIIS
     88   -75.02559500761859  1.83379E-05  1.50786E-06 DIIS
     89   -75.02560509852707 -1.00909E-05  1.47529E-06 DIIS
     90   -75.02561131330891 -6.21478E-06  2.55511E-06 DIIS
     91   -75.02562057399851 -9.26069E-06  4.81835E-06 DIIS
     92   -75.02564162183097 -2.10478E-05  6.48518E-06 DIIS
     93   -75.02559700877448  4.46131E-05  1.13830E-05 DIIS
     94   -75.02562125163541 -2.42429E-05  7.81875E-06 DIIS
     95   -75.02562456984775 -3.31821E-06  3.70099E-07 DIIS
     96   -75.02560109210586  2.34777E-05  1.50383E-06 DIIS
     97   -75.02560476215950 -3.67005E-06  3.58527E-06 DIIS
     98   -75.02559903269194  5.72947E-06  2.41264E-06 DIIS
     99   -75.02562159700099 -2.25643E-05  2.88453E-07 DIIS
    100   -75.02560536873794  1.62283E-05  2.84906E-07 DIIS
