    -----------------------------------------------------------------------
          PSI4: An Open-Source Ab Initio Electronic Structure Package
                              PSI 4.0.0-alpha Driver
    T. D. Crawford, C. D. Sherrill, E. F. Valeev, J. T. Fermann, R. A. King,
    M. L. Leininger, S. T. Brown, C. L. Janssen, E. T. Seidl, J. P. Kenny,
    and W. D. Allen, J. Comput. Chem. 28, 1610-1616 (2007)

                         Additional Contributions by
    Francesco Evangelista, Andrew Simmonett, Justin Turney, Jeremiah Wilke
    -----------------------------------------------------------------------


    Using LocalCommunicator (Number of processes = 1)

    Memory level set to 256.000 MB

  ==> Input File <==

--------------------------------------------------------------------------
molecule {
0 4
P
symmetry c1
}

plugin_load("../../plugin_omega.so")

set globals {
  scf_type direct
  basis cc-pvdz
  ri_basis_scf cc-pvdz-ri
  reference uks
  dft_functional wB97
  dft_order_spherical 31 
  dft_n_radial 50
  omega_procedure ip
  d_converge 5
  e_converge 7
  #debug 3
}


energy('scf')
plugin("../../plugin_omega.so")
--------------------------------------------------------------------------
../../plugin_omega.so loaded.

*** tstart() called on ender
*** at Tue Aug  9 12:39:33 2011


         ---------------------------------------------------------
                                   SCF
            by Justin Turney, Rob Parrish, and Andy Simmonnett
                              UKS Reference
                        4 Threads,    256 MiB Core
         ---------------------------------------------------------

  ==> Geometry <==

    Molecular point group: c1

    Geometry (in Angstrom), charge = 0, multiplicity = 4:

       Center              X                  Y                   Z       
    ------------   -----------------  -----------------  -----------------
           P          0.000000000000     0.000000000000     0.000000000000

    Number of unique atoms: 1

    Atoms equivalency:
       unique atom 0: 0 

  Running in c1 symmetry.

  Nuclear repulsion =    0.000000000000000

  Charge       = 0
  Multiplicity = 4
  Electrons    = 15
  Nalpha       = 9
  Nbeta        = 6

  ==> Algorithm <==

  SCF Algorithm Type is DIRECT.
  DIIS enabled.
  MOM disabled.
  Guess Type is CORE.
  Energy threshold   = 1.00e-07
  Density threshold  = 1.00e-05
  Integral threshold = 0.00e+00

  ==> Primary Basis: CC-PVDZ <==

  Basis Set
    Number of shells: 8
    Number of basis function: 18
    Number of Cartesian functions: 19
    Spherical Harmonics?: true
    Max angular momentum: 2

  Selected Functional is wB97.

  ==> Pre-Iterations <==

  Minimum eigenvalue in the overlap matrix is 1.1551021403E-01.
  Using Symmetric Orthogonalization.
  SCF Guess: Core (One-Electron) Hamiltonian.

  Initial UKS energy:  -240.97141360646327

   -------------------------------------------------------
    Irrep   Nso     Nmo     Nalpha   Nbeta   Ndocc  Nsocc
   -------------------------------------------------------
     A         18      18       9       6       6       3
   -------------------------------------------------------
    Total      18      18       9       6       6       3
   -------------------------------------------------------

  ==> Integral Setup <==

  Building Direct Integral Objects...

  ==> Iterations <==

                        Total Energy        Delta E     Density RMS

   @UKS iter   1:  -339.47809790648643   -9.85067e+01   0.00000e+00  
   @UKS iter   2:  -341.23343514837796   -1.75534e+00   1.55058e-01 DIIS
   @UKS iter   3:  -341.24658765545576   -1.31525e-02   5.12984e-03 DIIS
   @UKS iter   4:  -341.24685541505045   -2.67760e-04   1.53081e-03 DIIS
   @UKS iter   5:  -341.24686097296137   -5.55791e-06   7.29061e-05 DIIS
   @UKS iter   6:  -341.24686108628754   -1.13326e-07   2.75158e-05 DIIS
   @UKS iter   7:  -341.24686108723415   -9.46613e-10   1.70849e-06 DIIS

  ==> Post-Iterations <==

	Orbital Energies (a.u.)
	-----------------------

	Alpha Occupied:                                                       

	   1A    -76.620126     2A     -6.570102     3A     -4.775000  
	   4A     -4.775000     5A     -4.775000     6A     -0.741090  
	   7A     -0.366613     8A     -0.366613     9A     -0.366613  

	Alpha Virtual:                                                        

	  10A      0.459155    11A      0.525401    12A      0.525401  
	  13A      0.525401    14A      0.540413    15A      0.540413  
	  16A      0.540413    17A      0.540413    18A      0.540413  

	Beta Occupied:                                                        

	   1A    -76.611011     2A     -6.566040     3A     -4.765548  
	   4A     -4.765548     5A     -4.765548     6A     -0.577485  

	Beta Virtual:                                                         

	   7A     -0.012307     8A     -0.012307     9A     -0.012307  
	  10A      0.449028    11A      0.566982    12A      0.566982  
	  13A      0.566982    14A      0.668327    15A      0.668327  
	  16A      0.668327    17A      0.668327    18A      0.668327  

	Final Occupation by Irrep:
	          A 
	DOCC [     6 ]
	SOCC [     3 ]

  Energy converged.

  @UKS Final Energy:  -341.24686108723415

  ==> Properties <==

 OEPROP: One-electron properties/analyses.
  by Rob Parrish and Justin Turney.
  built on LIBMINTS.

 Dipole Moment: (a.u.)
     X:    -0.0000      Y:     0.0000      Z:     0.0000     Total:     0.0000

 Dipole Moment: (Debye)
     X:    -0.0000      Y:     0.0000      Z:     0.0000     Total:     0.0000


  @Spin Contamination Metric:  0.00129
  @S^2 Expected:               3.75000
  @S^2 Observed:               3.75129

  Saving occupied orbitals to File 100.

*** tstop() called on ender at Tue Aug  9 12:39:43 2011
	user time   =       9.84 seconds =       0.16 minutes
	system time =       0.05 seconds =       0.00 minutes
	total time  =         10 seconds =       0.17 minutes
Calling plugin ../../plugin_omega.so.

*** tstart() called on ender
*** at Tue Aug  9 12:39:43 2011


         ---------------------------------------------------------
                          Optimized-Omega RC-KS
                            IP-Only Algorithm                
                               Rob Parrish
                        4 Threads,    256 MiB Core
         ---------------------------------------------------------

 ==> Functional <==

  wB97

 ==> Geometry <==

    Molecular point group: c1

    Geometry (in Angstrom), charge = 0, multiplicity = 4:

       Center              X                  Y                   Z       
    ------------   -----------------  -----------------  -----------------
           P          0.000000000000     0.000000000000     0.000000000000

    Number of unique atoms: 1

    Atoms equivalency:
       unique atom 0: 0 

  Nuclear repulsion =    0.000000000000000

  Nalpha = 9
  Nbeta  = 6

  ==> Primary Basis <==

  Basis Set
    Number of shells: 8
    Number of basis function: 18
    Number of Cartesian functions: 19
    Spherical Harmonics?: true
    Max angular momentum: 2

  ==> Primary Basis <==

  Basis Set
    Number of shells: 24
    Number of basis function: 76
    Number of Cartesian functions: 90
    Spherical Harmonics?: true
    Max angular momentum: 3

  ==> Omega Guess: HOMO Size <== 

   HOMO <R>:          2.44836E+00
   Initial Omega^-1:  2.44836E+00
   Initial Omega:     4.08436E-01

  Canonical Orthogonalization: 18 of 18 functions retained, 0 projected

  ==> Burn-In Procedure <==

  *** Step    1: Burn-In Step ***

   => N SCF <=

   Iter               Energy      Delta E      Delta D Stat
      1  -341.27772893044289 -3.41278E+02  1.29674E-04 
      2  -341.27772954578700 -6.15344E-07  7.57030E-06 DIIS
      3  -341.27772954512176  6.65239E-10  1.91575E-06 DIIS

   => N-1 SCF <=

   Iter               Energy      Delta E      Delta D Stat
      1  -340.87145987941142 -3.40871E+02  2.56008E-02 
      2  -340.89548108893996 -2.40212E-02  1.58374E-03 DIIS
      3  -340.89587389832997 -3.92809E-04  3.21103E-04 DIIS
      4  -340.89589612688968 -2.22286E-05  1.20661E-04 DIIS
      5  -340.89589725114439 -1.12425E-06  7.57185E-06 DIIS
      6  -340.89589725488088 -3.73649E-09  4.00366E-06 DIIS

  ==> Omega Optimization Procedure <==

  *** Step    2: Bracketing Step ***

    Old Omega:     4.08436316E-01
    Old kIP:       3.67806735E-01
    Old IP:        3.81832290E-01
    Old Delta IP: -1.40255557E-02
    Multipler:     2.00000000E+00
    New Omega:     8.16872631E-01

   => N SCF <=

   Iter               Energy      Delta E      Delta D Stat
      1  -341.28597364165768 -8.24410E-03  1.00204E-03 
      2  -341.28602980815936 -5.61665E-05  9.65785E-05 DIIS
      3  -341.28603105278000 -1.24462E-06  1.05575E-05 DIIS
      4  -341.28603110127801 -4.84980E-08  2.68679E-06 DIIS

   => N-1 SCF <=

   Iter               Energy      Delta E      Delta D Stat
      1  -340.90134295224402 -5.44570E-03  1.01738E-03 
      2  -340.90162046380112 -2.77512E-04  2.47778E-04 DIIS
      3  -340.90163773290158 -1.72691E-05  1.62365E-05 DIIS
      4  -340.90163796229007 -2.29388E-07  4.53005E-06 DIIS
      5  -340.90163796605032 -3.76025E-09  1.12786E-06 DIIS

  *** Step Results ***

    Omega:     8.16872631E-01
    kIP:       3.99141463E-01
    IP:        3.84393135E-01
    Delta IP:  1.47483274E-02

  *** Omega Bracketed ***

  *** Step    3: Regula Falsi 3 Step ***

    New Omega:     6.07524713E-01

   => N SCF <=

   Iter               Energy      Delta E      Delta D Stat
      1  -341.27402056823809  1.20105E-02  2.80338E-04 
      2  -341.27402783776836 -7.26953E-06  2.67131E-05 DIIS
      3  -341.27402793427757 -9.65092E-08  5.82594E-06 DIIS

   => N-1 SCF <=

   Iter               Energy      Delta E      Delta D Stat
      1  -340.89028145377762  1.13565E-02  2.62512E-04 
      2  -340.89029032487861 -8.87110E-06  4.72487E-05 DIIS
      3  -340.89029071179834 -3.86920E-07  4.25656E-06 DIIS
      4  -340.89029072110839 -9.31004E-09  5.18176E-07 DIIS

  *** Step Results ***

    Omega:     6.07524713E-01
    kIP:       3.89568605E-01
    IP:        3.83737213E-01
    Delta IP:  5.83139173E-03

  *** Step    4: Regula Falsi 3 Step ***

    New Omega:     5.49058404E-01

   => N SCF <=

   Iter               Energy      Delta E      Delta D Stat
      1  -341.27328710712982  7.40827E-04  5.25186E-05 
      2  -341.27328768991941 -5.82790E-07  1.42068E-05 DIIS
      3  -341.27328771413380 -2.42144E-08  2.64094E-06 DIIS

   => N-1 SCF <=

   Iter               Energy      Delta E      Delta D Stat
      1  -340.88991936627264  3.71355E-04  4.06228E-05 
      2  -340.88991977772605 -4.11453E-07  7.42144E-06 DIIS
      3  -340.88991979904876 -2.13227E-08  8.73581E-07 DIIS

  *** Step Results ***

    Omega:     5.49058404E-01
    kIP:       3.84975990E-01
    IP:        3.83367915E-01
    Delta IP:  1.60807447E-03

  *** Step    5: Regula Falsi 3 Step ***

    New Omega:     5.22827727E-01

   => N SCF <=

   Iter               Energy      Delta E      Delta D Stat
      1  -341.27341156659924 -1.23852E-04  1.93965E-05 
      2  -341.27341167477562 -1.08176E-07  7.31000E-06 DIIS
      3  -341.27341168252758 -7.75196E-09  1.61799E-06 DIIS

   => N-1 SCF <=

   Iter               Energy      Delta E      Delta D Stat
      1  -340.89025182568594 -3.32027E-04  1.23473E-05 
      2  -340.89025188460454 -5.89186E-08  2.40027E-06 DIIS

  *** Step Results ***

    Omega:     5.22827727E-01
    kIP:       3.82509651E-01
    IP:        3.83159798E-01
    Delta IP: -6.50147150E-04

  *** Step    6: Regula Falsi 3 Step ***

    New Omega:     5.30379598E-01

   => N SCF <=

   Iter               Energy      Delta E      Delta D Stat
      1  -341.27334557986620  6.61027E-05  1.76992E-06 
      2  -341.27334558000615 -1.39948E-10  2.58725E-07 DIIS

   => N-1 SCF <=

   Iter               Energy      Delta E      Delta D Stat
      1  -340.89012282789224  1.29057E-04  7.06764E-07 
      2  -340.89012282813997 -2.47724E-10  1.84387E-07 DIIS

  *** Step Results ***

    Omega:     5.30379598E-01
    kIP:       3.83248700E-01
    IP:        3.83222752E-01
    Delta IP:  2.59479132E-05

  *** Step    7: Regula Falsi 3 Step ***

    New Omega:     5.30089765E-01

   => N SCF <=

   Iter               Energy      Delta E      Delta D Stat
      1  -341.27334765758428 -2.07758E-06  1.40491E-08 
      2  -341.27334765758246  1.81899E-12  4.23571E-08 DIIS

   => N-1 SCF <=

   Iter               Energy      Delta E      Delta D Stat
      1  -340.89012727527489 -4.44713E-06  3.10321E-08 
      2  -340.89012727522959  4.53042E-11  1.22575E-06 DIIS

  *** Step Results ***

    Omega:     5.30089765E-01
    kIP:       3.83222417E-01
    IP:        3.83220382E-01
    Delta IP:  2.03507459E-06

  *** Step    8: Regula Falsi 3 Step ***

    New Omega:     5.30044584E-01

   => N SCF <=

   Iter               Energy      Delta E      Delta D Stat
      1  -341.27334798476636 -3.27184E-07  4.58575E-08 
      2  -341.27334798473930  2.70575E-11  1.52487E-07 DIIS

   => N-1 SCF <=

   Iter               Energy      Delta E      Delta D Stat
      1  -340.89012797335675 -6.98127E-07  4.88130E-07 
      2  -340.89012797250189  8.54868E-10  1.06031E-06 DIIS

  *** Step Results ***

    Omega:     5.30044584E-01
    kIP:       3.83216439E-01
    IP:        3.83220012E-01
    Delta IP: -3.57336072E-06

  ==> Final Convergence Procedure <==

   => N SCF <=

   Iter               Energy      Delta E      Delta D Stat
      1  -341.27334798475437 -1.50635E-11  1.54191E-07 

   UKS N Orbital Energies [a.u.]:

	Alpha Occupied:                                                       

	   1A    -76.715406     2A     -6.643906     3A     -4.840291  
	   4A     -4.840291     5A     -4.840291     6A     -0.782164  
	   7A     -0.383218     8A     -0.383218     9A     -0.383218  

	Alpha Virtual:                                                        

	  10A      0.472681    11A      0.537993    12A      0.537993  
	  13A      0.537993    14A      0.560162    15A      0.560162  
	  16A      0.560162    17A      0.560162    18A      0.560162  

	Beta Occupied:                                                        

	   1A    -76.706119     2A     -6.638900     3A     -4.830107  
	   4A     -4.830107     5A     -4.830107     6A     -0.591472  

	Beta Virtual:                                                         

	   7A     -0.005218     8A     -0.005218     9A     -0.005218  
	  10A      0.454735    11A      0.584026    12A      0.584026  
	  13A      0.584026    14A      0.690817    15A      0.690817  
	  16A      0.690817    17A      0.690817    18A      0.690817  

  @UKS N Final energy:    -341.2733479847543663

   => N-1 SCF <=

   Iter               Energy      Delta E      Delta D Stat
      1  -340.89012797439102 -1.88913E-09  8.48843E-07 

   UKS N-1 Orbital Energies [a.u.]:

	Alpha Occupied:                                                       

	   1A    -77.140874     2A     -7.058125     3A     -5.264772  
	   4A     -5.250183     5A     -5.250183     6A     -1.104413  
	   7A     -0.717582     8A     -0.717582  

	Alpha Virtual:                                                        

	   9A     -0.379327    10A      0.177292    11A      0.228014  
	  12A      0.228014    13A      0.242776    14A      0.242776  
	  15A      0.244444    16A      0.244444    17A      0.250123  
	  18A      0.255106  

	Beta Occupied:                                                        

	   1A    -77.133475     2A     -7.054075     3A     -5.260442  
	   4A     -5.239962     5A     -5.239962     6A     -0.967308  

	Beta Virtual:                                                         

	   7A     -0.353886     8A     -0.319867     9A     -0.319867  
	  10A      0.175888    11A      0.271315    12A      0.299561  
	  13A      0.299561    14A      0.303821    15A      0.309875  
	  16A      0.309875    17A      0.338209    18A      0.338209  

  @UKS N-1 Final energy:    -340.8901279743910209

  *** Omega Optimization Profile ***

  Iter        Omega          kIP           IP     Delta IP Step Type
     1  4.08436E-01  3.67807E-01  3.81832E-01 -1.40256E-02 Initial Guess
     2  8.16873E-01  3.99141E-01  3.84393E-01  1.47483E-02 Bracket Step
     3  6.07525E-01  3.89569E-01  3.83737E-01  5.83139E-03 Regula-Falsi3 Step
     4  5.49058E-01  3.84976E-01  3.83368E-01  1.60807E-03 Regula-Falsi3 Step
     5  5.22828E-01  3.82510E-01  3.83160E-01 -6.50147E-04 Regula-Falsi3 Step
     6  5.30380E-01  3.83249E-01  3.83223E-01  2.59479E-05 Regula-Falsi3 Step
     7  5.30090E-01  3.83222E-01  3.83220E-01  2.03507E-06 Regula-Falsi3 Step
     8  5.30045E-01  3.83216E-01  3.83220E-01 -3.57336E-06 Regula-Falsi3 Step


*** tstop() called on ender at Tue Aug  9 12:40:19 2011
	user time   =      49.84 seconds =       0.83 minutes
	system time =       0.09 seconds =       0.00 minutes
	total time  =         36 seconds =       0.60 minutes

*** PSI4 exiting successfully, buy a developer a beer!
