    -----------------------------------------------------------------------
          PSI4: An Open-Source Ab Initio Electronic Structure Package
                              PSI 4.0.0-alpha Driver
    T. D. Crawford, C. D. Sherrill, E. F. Valeev, J. T. Fermann, R. A. King,
    M. L. Leininger, S. T. Brown, C. L. Janssen, E. T. Seidl, J. P. Kenny,
    and W. D. Allen, J. Comput. Chem. 28, 1610-1616 (2007)

                         Additional Contributions by
    Francesco Evangelista, Andrew Simmonett, Justin Turney, Jeremiah Wilke
    -----------------------------------------------------------------------


    Using LocalCommunicator (Number of processes = 1)

    Memory level set to 256.000 MB

  ==> Input File <==

--------------------------------------------------------------------------
molecule {
0 3
Si
symmetry c1
}

plugin_load("../../plugin_omega.so")

set globals {
  scf_type direct
  basis cc-pvdz
  ri_basis_scf cc-pvdz-ri
  reference uks
  dft_functional wB97
  dft_order_spherical 31 
  dft_n_radial 50
  omega_procedure ip
  d_converge 5
  e_converge 7
  #debug 3
}


energy('scf')
plugin("../../plugin_omega.so")
--------------------------------------------------------------------------
../../plugin_omega.so loaded.

*** tstart() called on ender
*** at Tue Aug  9 12:38:51 2011


         ---------------------------------------------------------
                                   SCF
            by Justin Turney, Rob Parrish, and Andy Simmonnett
                              UKS Reference
                        4 Threads,    256 MiB Core
         ---------------------------------------------------------

  ==> Geometry <==

    Molecular point group: c1

    Geometry (in Angstrom), charge = 0, multiplicity = 3:

       Center              X                  Y                   Z       
    ------------   -----------------  -----------------  -----------------
          SI          0.000000000000     0.000000000000     0.000000000000

    Number of unique atoms: 1

    Atoms equivalency:
       unique atom 0: 0 

  Running in c1 symmetry.

  Nuclear repulsion =    0.000000000000000

  Charge       = 0
  Multiplicity = 3
  Electrons    = 14
  Nalpha       = 8
  Nbeta        = 6

  ==> Algorithm <==

  SCF Algorithm Type is DIRECT.
  DIIS enabled.
  MOM disabled.
  Guess Type is CORE.
  Energy threshold   = 1.00e-07
  Density threshold  = 1.00e-05
  Integral threshold = 0.00e+00

  ==> Primary Basis: CC-PVDZ <==

  Basis Set
    Number of shells: 8
    Number of basis function: 18
    Number of Cartesian functions: 19
    Spherical Harmonics?: true
    Max angular momentum: 2

  Selected Functional is wB97.

  ==> Pre-Iterations <==

  Minimum eigenvalue in the overlap matrix is 1.1972792939E-01.
  Using Symmetric Orthogonalization.
  SCF Guess: Core (One-Electron) Hamiltonian.

  Initial UKS energy:  -204.10296096184493

   -------------------------------------------------------
    Irrep   Nso     Nmo     Nalpha   Nbeta   Ndocc  Nsocc
   -------------------------------------------------------
     A         18      18       8       6       6       2
   -------------------------------------------------------
    Total      18      18       8       6       6       2
   -------------------------------------------------------

  ==> Integral Setup <==

  Building Direct Integral Objects...

  ==> Iterations <==

                        Total Energy        Delta E     Density RMS

   @UKS iter   1:  -288.13274918499189   -8.40298e+01   0.00000e+00  
   @UKS iter   2:  -289.33579188520230   -1.20304e+00   1.43769e-01 DIIS
   @UKS iter   3:  -289.35044975634378   -1.46579e-02   1.01069e-02 DIIS
   @UKS iter   4:  -289.35088885348949   -4.39097e-04   1.98046e-03 DIIS
   @UKS iter   5:  -289.35089777575888   -8.92227e-06   5.32806e-05 DIIS
   @UKS iter   6:  -289.35089798139347   -2.05635e-07   1.75399e-05 DIIS
   @UKS iter   7:  -289.35089798368142   -2.28795e-09   5.55776e-06 DIIS

  ==> Post-Iterations <==

	Orbital Energies (a.u.)
	-----------------------

	Alpha Occupied:                                                       

	   1A    -65.729716     2A     -5.323741     3A     -3.727103  
	   4A     -3.716378     5A     -3.716378     6A     -0.582436  
	   7A     -0.290225     8A     -0.290225  

	Alpha Virtual:                                                        

	   9A     -0.027011    10A      0.351998    11A      0.414674  
	  12A      0.414674    13A      0.420196    14A      0.444386  
	  15A      0.444386    16A      0.456917    17A      0.456917  
	  18A      0.466988  

	Beta Occupied:                                                        

	   1A    -65.725069     2A     -5.321806     3A     -3.724836  
	   4A     -3.711080     5A     -3.711080     6A     -0.482623  

	Beta Virtual:                                                         

	   7A     -0.012518     8A      0.007452     9A      0.007452  
	  10A      0.337451    11A      0.434253    12A      0.455536  
	  13A      0.455536    14A      0.508514    15A      0.514631  
	  16A      0.514631    17A      0.538986    18A      0.538986  

	Final Occupation by Irrep:
	          A 
	DOCC [     6 ]
	SOCC [     2 ]

  Energy converged.

  @UKS Final Energy:  -289.35089798368142

  ==> Properties <==

 OEPROP: One-electron properties/analyses.
  by Rob Parrish and Justin Turney.
  built on LIBMINTS.

 Dipole Moment: (a.u.)
     X:     0.0000      Y:     0.0000      Z:     0.0000     Total:     0.0000

 Dipole Moment: (Debye)
     X:     0.0000      Y:     0.0000      Z:     0.0000     Total:     0.0000


  @Spin Contamination Metric:  0.00493
  @S^2 Expected:               2.00000
  @S^2 Observed:               2.00493

  Saving occupied orbitals to File 100.

*** tstop() called on ender at Tue Aug  9 12:39:00 2011
	user time   =       9.32 seconds =       0.16 minutes
	system time =       0.05 seconds =       0.00 minutes
	total time  =          9 seconds =       0.15 minutes
Calling plugin ../../plugin_omega.so.

*** tstart() called on ender
*** at Tue Aug  9 12:39:00 2011


         ---------------------------------------------------------
                          Optimized-Omega RC-KS
                            IP-Only Algorithm                
                               Rob Parrish
                        4 Threads,    256 MiB Core
         ---------------------------------------------------------

 ==> Functional <==

  wB97

 ==> Geometry <==

    Molecular point group: c1

    Geometry (in Angstrom), charge = 0, multiplicity = 3:

       Center              X                  Y                   Z       
    ------------   -----------------  -----------------  -----------------
          SI          0.000000000000     0.000000000000     0.000000000000

    Number of unique atoms: 1

    Atoms equivalency:
       unique atom 0: 0 

  Nuclear repulsion =    0.000000000000000

  Nalpha = 8
  Nbeta  = 6

  ==> Primary Basis <==

  Basis Set
    Number of shells: 8
    Number of basis function: 18
    Number of Cartesian functions: 19
    Spherical Harmonics?: true
    Max angular momentum: 2

  ==> Primary Basis <==

  Basis Set
    Number of shells: 24
    Number of basis function: 76
    Number of Cartesian functions: 90
    Spherical Harmonics?: true
    Max angular momentum: 3

  ==> Omega Guess: HOMO Size <== 

   HOMO <R>:          2.87610E+00
   Initial Omega^-1:  2.87610E+00
   Initial Omega:     3.47692E-01

  Canonical Orthogonalization: 18 of 18 functions retained, 0 projected

  ==> Burn-In Procedure <==

  *** Step    1: Burn-In Step ***

   => N SCF <=

   Iter               Energy      Delta E      Delta D Stat
      1  -289.37212377269515 -2.89372E+02  3.08326E-04 
      2  -289.37213750957460 -1.37369E-05  5.79758E-05 DIIS
      3  -289.37213831874431 -8.09170E-07  1.06783E-05 DIIS
      4  -289.37213835509641 -3.63521E-08  1.34661E-06 DIIS

   => N-1 SCF <=

   Iter               Energy      Delta E      Delta D Stat
      1  -289.05932277173497 -2.89059E+02  2.52489E-02 
      2  -289.07653498507767 -1.72122E-02  3.75565E-03 DIIS
      3  -289.07713064782303 -5.95663E-04  6.29697E-04 DIIS
      4  -289.07715329433881 -2.26465E-05  1.12564E-04 DIIS
      5  -289.07715389396594 -5.99627E-07  1.13937E-05 DIIS
      6  -289.07715389520155 -1.23561E-09  2.46734E-07 DIIS

  ==> Omega Optimization Procedure <==

  *** Step    2: Bracketing Step ***

    Old Omega:     3.47692461E-01
    Old kIP:       2.82650704E-01
    Old IP:        2.94984460E-01
    Old Delta IP: -1.23337555E-02
    Multipler:     2.00000000E+00
    New Omega:     6.95384922E-01

   => N SCF <=

   Iter               Energy      Delta E      Delta D Stat
      1  -289.36864933122126  3.48902E-03  1.30950E-03 
      2  -289.36888148447389 -2.32153E-04  2.99330E-04 DIIS
      3  -289.36889615765460 -1.46732E-05  2.11385E-05 DIIS
      4  -289.36889644478038 -2.87126E-07  6.21413E-06 DIIS
      5  -289.36889645207134 -7.29096E-09  3.72843E-06 DIIS

   => N-1 SCF <=

   Iter               Energy      Delta E      Delta D Stat
      1  -289.07200527774438  5.14862E-03  1.07814E-03 
      2  -289.07222252204895 -2.17244E-04  3.08096E-04 DIIS
      3  -289.07223872742702 -1.62054E-05  4.01684E-05 DIIS
      4  -289.07223923323647 -5.05809E-07  1.02086E-05 DIIS
      5  -289.07223924268862 -9.45215E-09  3.92657E-06 DIIS

  *** Step Results ***

    Omega:     6.95384922E-01
    kIP:       3.07754079E-01
    IP:        2.96657209E-01
    Delta IP:  1.10968694E-02

  *** Omega Bracketed ***

  *** Step    3: Regula Falsi 3 Step ***

    New Omega:     5.30715911E-01

   => N SCF <=

   Iter               Energy      Delta E      Delta D Stat
      1  -289.36245047042513  6.44598E-03  3.46094E-04 
      2  -289.36245977598969 -9.30556E-06  5.10252E-05 DIIS
      3  -289.36246012983258 -3.53843E-07  7.47054E-06 DIIS
      4  -289.36246013683621 -7.00362E-09  8.48542E-07 DIIS

   => N-1 SCF <=

   Iter               Energy      Delta E      Delta D Stat
      1  -289.06603857689248  6.20067E-03  3.14993E-04 
      2  -289.06604539515047 -6.81826E-06  8.26620E-05 DIIS
      3  -289.06604576102416 -3.65874E-07  1.38295E-05 DIIS
      4  -289.06604577627991 -1.52558E-08  4.48295E-07 DIIS

  *** Step Results ***

    Omega:     5.30715911E-01
    kIP:       3.01119112E-01
    IP:        2.96414361E-01
    Delta IP:  4.70475142E-03

  *** Step    4: Regula Falsi 3 Step ***

    New Omega:     4.80178628E-01

   => N SCF <=

   Iter               Energy      Delta E      Delta D Stat
      1  -289.36306130130572 -6.01164E-04  7.36523E-05 
      2  -289.36306185206843 -5.50763E-07  1.09657E-05 DIIS
      3  -289.36306186668634 -1.46179E-08  9.82511E-07 DIIS

   => N-1 SCF <=

   Iter               Energy      Delta E      Delta D Stat
      1  -289.06685587961624 -8.10103E-04  6.24942E-05 
      2  -289.06685618535846 -3.05742E-07  1.62031E-05 DIIS
      3  -289.06685620008187 -1.47234E-08  2.33892E-06 DIIS

  *** Step Results ***

    Omega:     4.80178628E-01
    kIP:       2.97643876E-01
    IP:        2.96205667E-01
    Delta IP:  1.43820952E-03

  *** Step    5: Regula Falsi 3 Step ***

    New Omega:     4.55123969E-01

   => N SCF <=

   Iter               Energy      Delta E      Delta D Stat
      1  -289.36390295011972 -8.41083E-04  2.72696E-05 
      2  -289.36390303037513 -8.02554E-08  4.39316E-06 DIIS

   => N-1 SCF <=

   Iter               Energy      Delta E      Delta D Stat
      1  -289.06784105176934 -9.84852E-04  2.11852E-05 
      2  -289.06784109229233 -4.05230E-08  5.39675E-06 DIIS

  *** Step Results ***

    Omega:     4.55123969E-01
    kIP:       2.95546044E-01
    IP:        2.96061938E-01
    Delta IP: -5.15894450E-04

  *** Step    6: Regula Falsi 3 Step ***

    New Omega:     4.61738540E-01

   => N SCF <=

   Iter               Energy      Delta E      Delta D Stat
      1  -289.36364431092710  2.58719E-04  2.10623E-06 
      2  -289.36364430913380  1.79330E-09  1.07956E-06 DIIS

   => N-1 SCF <=

   Iter               Energy      Delta E      Delta D Stat
      1  -289.06754140494883  2.99687E-04  2.06783E-06 
      2  -289.06754140484469  1.04137E-10  6.19578E-08 DIIS

  *** Step Results ***

    Omega:     4.61738540E-01
    kIP:       2.96127964E-01
    IP:        2.96102904E-01
    Delta IP:  2.50596472E-05

  *** Step    7: Regula Falsi 3 Step ***

    New Omega:     4.61432121E-01

   => N SCF <=

   Iter               Energy      Delta E      Delta D Stat
      1  -289.36365570714241 -1.13980E-05  1.35266E-06 
      2  -289.36365570590937  1.23305E-09  2.06176E-06 DIIS

   => N-1 SCF <=

   Iter               Energy      Delta E      Delta D Stat
      1  -289.06755464986588 -1.32450E-05  4.70483E-07 
      2  -289.06755464970468  1.61208E-10  1.02556E-06 DIIS

  *** Step Results ***

    Omega:     4.61432121E-01
    kIP:       2.96097971E-01
    IP:        2.96101056E-01
    Delta IP: -3.08478113E-06

  ==> Final Convergence Procedure <==

   => N SCF <=

   Iter               Energy      Delta E      Delta D Stat
      1  -289.36365570716794 -1.25857E-09  1.87784E-06 

   UKS N Orbital Energies [a.u.]:

	Alpha Occupied:                                                       

	   1A    -65.776202     2A     -5.358426     3A     -3.757526  
	   4A     -3.746863     5A     -3.746863     6A     -0.595583  
	   7A     -0.296097     8A     -0.296097  

	Alpha Virtual:                                                        

	   9A     -0.022895    10A      0.356769    11A      0.419640  
	  12A      0.419640    13A      0.428234    14A      0.452549  
	  15A      0.452549    16A      0.467095    17A      0.467096  
	  18A      0.476272  

	Beta Occupied:                                                        

	   1A    -65.771496     2A     -5.356197     3A     -3.755095  
	   4A     -3.741264     5A     -3.741264     6A     -0.488119  

	Beta Virtual:                                                         

	   7A     -0.009468     8A      0.010166     9A      0.010166  
	  10A      0.339974    11A      0.441586    12A      0.463100  
	  13A      0.463100    14A      0.517784    15A      0.523899  
	  16A      0.523899    17A      0.548076    18A      0.548076  

  @UKS N Final energy:    -289.3636557071679363

   => N-1 SCF <=

   Iter               Energy      Delta E      Delta D Stat
      1  -289.06755465024520 -5.40524E-10  8.91420E-07 

   UKS N-1 Orbital Energies [a.u.]:

	Alpha Occupied:                                                       

	   1A    -66.153575     2A     -5.725460     3A     -4.121996  
	   4A     -4.121996     5A     -4.109620     6A     -0.877750  
	   7A     -0.588952  

	Alpha Virtual:                                                        

	   8A     -0.294756     9A     -0.294756    10A      0.101668  
	  11A      0.160741    12A      0.172003    13A      0.172003  
	  14A      0.174979    15A      0.178608    16A      0.178608  
	  17A      0.194324    18A      0.194325  

	Beta Occupied:                                                        

	   1A    -66.150673     2A     -5.723946     3A     -4.120402  
	   4A     -4.120402     5A     -4.103723     6A     -0.818523  

	Beta Virtual:                                                         

	   7A     -0.284248     8A     -0.284248     9A     -0.257723  
	  10A      0.103868    11A      0.186176    12A      0.186176  
	  13A      0.200271    14A      0.200271    15A      0.217153  
	  16A      0.219160    17A      0.219160    18A      0.228842  

  @UKS N-1 Final energy:    -289.0675546502451994

  *** Omega Optimization Profile ***

  Iter        Omega          kIP           IP     Delta IP Step Type
     1  3.47692E-01  2.82651E-01  2.94984E-01 -1.23338E-02 Initial Guess
     2  6.95385E-01  3.07754E-01  2.96657E-01  1.10969E-02 Bracket Step
     3  5.30716E-01  3.01119E-01  2.96414E-01  4.70475E-03 Regula-Falsi3 Step
     4  4.80179E-01  2.97644E-01  2.96206E-01  1.43821E-03 Regula-Falsi3 Step
     5  4.55124E-01  2.95546E-01  2.96062E-01 -5.15894E-04 Regula-Falsi3 Step
     6  4.61739E-01  2.96128E-01  2.96103E-01  2.50596E-05 Regula-Falsi3 Step
     7  4.61432E-01  2.96098E-01  2.96101E-01 -3.08478E-06 Regula-Falsi3 Step


*** tstop() called on ender at Tue Aug  9 12:39:33 2011
	user time   =      44.75 seconds =       0.75 minutes
	system time =       0.09 seconds =       0.00 minutes
	total time  =         33 seconds =       0.55 minutes

*** PSI4 exiting successfully, buy a developer a beer!
